###############################################################################
#
# IAR ELF Linker V8.32.2.178/W32 for ARM                  14/May/2019  14:21:44
# Copyright 2007-2018 IAR Systems AB.
#
#    Output file  =  light_external_lna_prs_mg21_v655.out
#    Map file     =  
#        C:/SiliconLabs/SimplicityStudio/v4/developer/sdks/gecko_sdk_suite/v2.5/app/builder/light_external_lna_prs_mg21_v655/IAR
#        ARM - Default/light_external_lna_prs_mg21_v655.map
#    Command line =  
#        ./zll-utility-server/zll-utility-server.o
#        ./zll-scenes-server/zll-scenes-server.o
#        ./zll-on-off-server/zll-on-off-server.o
#        ./zll-level-control-server/zll-level-control-server.o
#        ./zll-identify-server/zll-identify-server.o
#        ./zll-commissioning-server/zll-commissioning-server.o
#        ./zll-commissioning-common/zll-commissioning-cli.o
#        ./zll-commissioning-common/zll-commissioning-common.o
#        ./update-tc-link-key/update-tc-link-key-cli.o
#        ./update-tc-link-key/update-tc-link-key.o ./simple-main/simple-main.o
#        ./serial/EFR32/serial.o ./serial/com.o ./scenes/scenes-cli.o
#        ./scenes/scenes.o ./scan-dispatch/scan-dispatch.o
#        ./reporting/reporting-cli.o
#        ./reporting/reporting-default-configuration.o ./reporting/reporting.o
#        ./on-off/on-off.o ./nvm3/EFR32/nvm3_default.o
#        ./nvm3/EFR32/nvm3_hal_flash.o ./nvm3/nvm3_lock.o
#        ./network-steering/network-steering-cli.o
#        ./network-steering/network-steering-soc.o
#        ./network-steering/network-steering.o
#        ./network-creator-security/network-creator-security-cli.o
#        ./network-creator-security/network-creator-security.o
#        ./network-creator/network-creator-cli.o
#        ./network-creator/network-creator.o ./level-control/level-control.o
#        ./interpan/interpan-cli.o ./interpan/interpan-soc.o
#        ./interpan/interpan.o ./identify/identify-cli.o ./identify/identify.o
#        ./heartbeat/heartbeat.o ./hal-library/EFR32/hal-config-gpio.o
#        ./hal-library/EFR32/hal-config.o ./groups-server/groups-server-cli.o
#        ./groups-server/groups-server.o
#        ./green-power-common/green-power-common.o
#        ./green-power-client/green-power-client-cli.o
#        ./green-power-client/green-power-client.o
#        ./generic-interrupt-control/EFR32/generic-interrupt-control-efr32.o
#        ./form-and-join/form-and-join-afv2.o
#        ./form-and-join/form-and-join-node-adapter.o
#        ./form-and-join/form-and-join.o
#        ./find-and-bind-target/find-and-bind-target-cli.o
#        ./find-and-bind-target/find-and-bind-target.o
#        ./external-generated-files/bootloader-interface-app.o
#        ./external-generated-files/bootloader-interface.o
#        ./external-generated-files/btl_interface.o
#        ./external-generated-files/btl_interface_storage.o ./emlib/em_adc.o
#        ./emlib/em_cmu.o ./emlib/em_core.o ./emlib/em_cryotimer.o
#        ./emlib/em_emu.o ./emlib/em_gpio.o ./emlib/em_i2c.o ./emlib/em_ldma.o
#        ./emlib/em_leuart.o ./emlib/em_msc.o ./emlib/em_prs.o ./emlib/em_rmu.o
#        ./emlib/em_rtcc.o ./emlib/em_se.o ./emlib/em_system.o
#        ./emlib/em_timer.o ./emlib/em_usart.o ./emlib/em_wdog.o
#        ./emlib/system_efr32mg21.o ./emdrv/dmadrv.o ./emdrv/gpiointerrupt.o
#        ./emdrv/rtcdriver.o ./emdrv/sleep.o ./emdrv/tempdrv.o
#        ./emdrv/uartdrv.o ./emdrv/ustimer.o
#        ./ember-minimal-printf/ember-printf.o ./efr32/assert-crash-handlers.o
#        ./efr32/button.o ./efr32/buzzer-efr32.o ./efr32/cstartup-common.o
#        ./efr32/diagnostic.o ./efr32/ext-device.o ./efr32/faults-v7m.o
#        ./efr32/isr-stubs.o ./efr32/led.o ./efr32/mfg-token.o
#        ./efr32/micro-common.o ./efr32/micro.o ./efr32/mpu.o
#        ./efr32/sleep-efm32.o ./efr32/token.o
#        ./debug-jtag-stub/EFR32/debug-jtag-stub.o
#        ./debug-basic-library/EFR32/SEGGER_RTT.o ./counters/counters-cli.o
#        ./counters/counters-ota.o ./counters/counters-soc.o
#        ./color-control-server/color-control-server.o
#        ./coexistence/EFR32/coexistence-802154.o
#        ./coexistence/EFR32/coexistence-directional-priority.o
#        ./coexistence/EFR32/coexistence-hal.o
#        ./coexistence/EFR32/coexistence.o
#        ./battery-monitor/EFR32/battery-monitor-efr32.o ./basic/basic.o
#        ./antenna-stub/antenna-stub.o ./aes-cmac/aes-cmac.o
#        ./adc/EFR32/adc-efr32.o ./af-event.o ./af-main-common.o
#        ./af-main-soc.o ./af-node.o ./af-security-common.o ./af-trust-center.o
#        ./afv2-bookkeeping.o ./attribute-size.o ./attribute-storage.o
#        ./attribute-table.o ./call-command-handler.o ./callback-stub.o ./cli.o
#        ./client-api.o ./command-interpreter2.o ./core-cli.o ./crc.o
#        ./crypto-state.o ./ember-base-configuration.o ./ember-configuration.o
#        ./endian.o ./library.o ./light_external_lna_prs_mg21_v655_callbacks.o
#        ./mem-util.o ./message.o ./multi-network.o ./network-cli.o
#        ./option-cli.o ./plugin-cli.o ./print-formatter.o ./print.o
#        ./process-cluster-message.o ./process-global-message.o ./random.o
#        ./security-address-cache.o ./security-cli.o
#        ./service-discovery-common.o ./service-discovery-soc.o
#        ./stack-handler-stub.o ./time-util.o ./token-def.o ./util.o
#        ./zcl-cli.o ./zdo-cli.o ./zigbee-device-common.o
#        ./zigbee-device-library.o -o light_external_lna_prs_mg21_v655.out
#        --config
#        C:/SiliconLabs/SimplicityStudio/v4/developer/sdks/gecko_sdk_suite/v2.5//platform/base/hal/micro/cortexm3/efm32/iar-cfg.icf
#        --config_def LOCAL_STORAGE_BTL=1 --config_def FLASH_SIZE=1048576
#        --config_def RAM_SIZE=98304 --config_def SIMEEPROM_SIZE=32768
#        --config_def LOCKBITS_IN_MAINFLASH_SIZE=8192 --config_def
#        EMBER_MALLOC_HEAP_SIZE=0 --no_wrap_diagnostics
#        C:/SiliconLabs/SimplicityStudio/v4/developer/sdks/gecko_sdk_suite/v2.5//protocol/zigbee/build/security-library-link-keys-stub-cortexm3-iar-efr32mg21-rail/security-library-link-keys-stub.a
#        C:/SiliconLabs/SimplicityStudio/v4/developer/sdks/gecko_sdk_suite/v2.5//protocol/zigbee/build/cbke-283k1-stub-library-cortexm3-iar-efr32mg21-rail/cbke-283k1-stub-library.a
#        C:/SiliconLabs/SimplicityStudio/v4/developer/sdks/gecko_sdk_suite/v2.5//platform/radio/rail_lib/autogen/librail_release/librail_efr32xg21_iar_release.a
#        C:/SiliconLabs/SimplicityStudio/v4/developer/sdks/gecko_sdk_suite/v2.5//protocol/zigbee/build/security-library-core-cortexm3-iar-efr32mg21-rail/security-library-core.a
#        C:/SiliconLabs/SimplicityStudio/v4/developer/sdks/gecko_sdk_suite/v2.5//protocol/zigbee/build/cbke-library-dsa-verify-stub-cortexm3-iar-efr32mg21-rail/cbke-library-dsa-verify-stub.a
#        C:/SiliconLabs/SimplicityStudio/v4/developer/sdks/gecko_sdk_suite/v2.5//protocol/zigbee/build/end-device-bind-stub-library-cortexm3-iar-efr32mg21-rail/end-device-bind-stub-library.a
#        C:/SiliconLabs/SimplicityStudio/v4/developer/sdks/gecko_sdk_suite/v2.5//protocol/zigbee/build/install-code-library-cortexm3-iar-efr32mg21-rail/install-code-library.a
#        C:/SiliconLabs/SimplicityStudio/v4/developer/sdks/gecko_sdk_suite/v2.5//protocol/zigbee/build/cbke-stub-library-cortexm3-iar-efr32mg21-rail/cbke-stub-library.a
#        C:/SiliconLabs/SimplicityStudio/v4/developer/sdks/gecko_sdk_suite/v2.5//protocol/zigbee/build/zigbee-r22-support-stub-library-cortexm3-iar-efr32mg21-rail/zigbee-r22-support-stub-library.a
#        C:/SiliconLabs/SimplicityStudio/v4/developer/sdks/gecko_sdk_suite/v2.5//protocol/zigbee/build/zigbee-pro-stack-cortexm3-iar-efr32mg21-rail/zigbee-pro-stack.a
#        C:/SiliconLabs/SimplicityStudio/v4/developer/sdks/gecko_sdk_suite/v2.5//protocol/zigbee/build/cbke-library-dsa-verify-283k1-stub-cortexm3-iar-efr32mg21-rail/cbke-library-dsa-verify-283k1-stub.a
#        C:/SiliconLabs/SimplicityStudio/v4/developer/sdks/gecko_sdk_suite/v2.5//protocol/zigbee/build/debug-basic-library-cortexm3-iar-efr32mg21-rail/debug-basic-library.a
#        C:/SiliconLabs/SimplicityStudio/v4/developer/sdks/gecko_sdk_suite/v2.5//protocol/zigbee/build/gp-library-cortexm3-iar-efr32mg21-rail/gp-library.a
#        C:/SiliconLabs/SimplicityStudio/v4/developer/sdks/gecko_sdk_suite/v2.5//protocol/zigbee/build/sim-eeprom2-to-nvm3-upgrade-stub-library-cortexm3-iar-efr32mg21-rail/sim-eeprom2-to-nvm3-upgrade-stub-library.a
#        C:/SiliconLabs/SimplicityStudio/v4/developer/sdks/gecko_sdk_suite/v2.5//protocol/zigbee/build/packet-validate-stub-library-cortexm3-iar-efr32mg21-rail/packet-validate-stub-library.a
#        C:/SiliconLabs/SimplicityStudio/v4/developer/sdks/gecko_sdk_suite/v2.5//protocol/zigbee/build/cbke-163k1-stub-library-cortexm3-iar-efr32mg21-rail/cbke-163k1-stub-library.a
#        C:/SiliconLabs/SimplicityStudio/v4/developer/sdks/gecko_sdk_suite/v2.5//platform/emdrv/nvm3/lib/libnvm3_CM33_iar.a
#        C:/SiliconLabs/SimplicityStudio/v4/developer/sdks/gecko_sdk_suite/v2.5//protocol/zigbee/build/cbke-library-dsa-sign-stub-cortexm3-iar-efr32mg21-rail/cbke-library-dsa-sign-stub.a
#        C:/SiliconLabs/SimplicityStudio/v4/developer/sdks/gecko_sdk_suite/v2.5//protocol/zigbee/build/debug-extended-stub-library-cortexm3-iar-efr32mg21-rail/debug-extended-stub-library.a
#        C:/SiliconLabs/SimplicityStudio/v4/developer/sdks/gecko_sdk_suite/v2.5//protocol/zigbee/build/multi-network-stub-library-cortexm3-iar-efr32mg21-rail/multi-network-stub-library.a
#        C:/SiliconLabs/SimplicityStudio/v4/developer/sdks/gecko_sdk_suite/v2.5//protocol/zigbee/build/zll-library-cortexm3-iar-efr32mg21-rail/zll-library.a
#        C:/SiliconLabs/SimplicityStudio/v4/developer/sdks/gecko_sdk_suite/v2.5//protocol/zigbee/build/binding-table-library-cortexm3-iar-efr32mg21-rail/binding-table-library.a
#        C:/SiliconLabs/SimplicityStudio/v4/developer/sdks/gecko_sdk_suite/v2.5//protocol/zigbee/build/hal-library-cortexm3-iar-efr32mg21-rail/hal-library.a
#        --entry __iar_program_start --map
#        "C:/SiliconLabs/SimplicityStudio/v4/developer/sdks/gecko_sdk_suite/v2.5/app/builder/light_external_lna_prs_mg21_v655/IAR
#        ARM - Default/light_external_lna_prs_mg21_v655.map" --log_file
#        "C:/SiliconLabs/SimplicityStudio/v4/developer/sdks/gecko_sdk_suite/v2.5/app/builder/light_external_lna_prs_mg21_v655/IAR
#        ARM - Default/light_external_lna_prs_mg21_v655.log" --log
#        initialization,modules,sections,veneers --diag_suppress=Lp012
#        --redirect _Printf=_PrintfSmallNoMb --redirect _Scanf=_ScanfFullNoMb
#
###############################################################################

*******************************************************************************
*** RUNTIME MODEL ATTRIBUTES
***

CppFlavor       = *
__SystemLibrary = DLib
__dlib_version  = 6


*******************************************************************************
*** HEAP SELECTION
***

The basic heap was selected because no calls to memory allocation
functions were found in the application outside of system library
functions, and there are calls to deallocation functions in the
application.


*******************************************************************************
*** PLACEMENT SUMMARY
***

"BAT": place at 0x0 { section BAT };
define block HEADER_block with fixed order { ro section AAT };
"HEADERS":
       place at start of [from 0x4000 to 0x41ff] { block HEADER_block };
define block APPRO_block
   with fixed order {
      ro section .intvec, ro section .textrw_init, ro section .gatt_header,
      ro section .gatt_data, ro section .text, ro section CODE,
      ro section .rodata, ro section .data_init, ro section .iar.init_table,
      ro section __DLIB_PERTHREAD_init };
"APP ro":
       place at start of [from 0x4200 to 0xf'ffff] { block APPRO_block };
"NVM&SIMEE&LOCKBITS":
       place at end of [from 0x4200 to 0xf'ffff] {
          zi section NVM, zi section SIMEE, zi section INTERNAL_STORAGE,
          zi section PSSTORE, zi section LOCKBITS_IN_MAINFLASH };
define block ALIGN_EMHEAP with alignment = 8 { rw section EMHEAP };
define block RESETHEAP
   with fixed order { rw section RESETINFO, block ALIGN_EMHEAP };
"ResetHeap":
       place at start of [from 0x2000'0000 to 0x2001'7fef] { block RESETHEAP };
"Guard":
       place in [from 0x2000'0000 to 0x2001'7fef] { rw section GUARD_REGION };
define block ALIGN_CSTACK with alignment = 8 { rw section CSTACK };
define block DLIB_PERTHREAD_INITIALIZED_DATA { rw section __DLIB_PERTHREAD };
define block DLIB_PERTHREAD_ZERO_DATA { zi section __DLIB_PERTHREAD };
define block HEAP with size = 0M, alignment = 8 { };
define block APPRW_block
   with fixed order {
      block ALIGN_CSTACK, rw section .textrw, rw section .data,
      block DLIB_PERTHREAD_INITIALIZED_DATA, block DLIB_PERTHREAD_ZERO_DATA,
      rw section .bss, rw section .noinit, block HEAP };
"APP rw":
       place at end of [from 0x2000'0000 to 0x2001'7fef] { block APPRW_block };
do not initialize {
   rw section .noinit, rw section CSTACK, rw section RESETINFO,
   rw section EMHEAP, zi section NVM, zi section SIMEE,
   zi section INTERNAL_STORAGE, zi section PSSTORE,
   zi section LOCKBITS_IN_MAINFLASH };
initialize by copy { rw };

No sections matched the following patterns:

  ro section .gatt_data             in block APPRO_block
  ro section .gatt_header           in block APPRO_block
  ro section .iar.init_table        in block APPRO_block
  ro section CODE                   in block APPRO_block
  ro section __DLIB_PERTHREAD_init  in block APPRO_block
  rw section .noinit                in block APPRW_block
  rw section DEBUG_CHANNEL          in "DEBUGCHAN"
  rw section __DLIB_PERTHREAD       in block DLIB_PERTHREAD_INITIALIZED_DATA
  zi section NVM                    in "NVM&SIMEE&LOCKBITS"
  zi section PSSTORE                in "NVM&SIMEE&LOCKBITS"
  zi section __DLIB_PERTHREAD       in block DLIB_PERTHREAD_ZERO_DATA


  Section                 Kind         Address     Size  Object
  -------                 ----         -------     ----  ------
"BAT":                                             0x54
  BAT                     uninit           0x0     0x54  cstartup-common.o [12]
                                        - 0x54     0x54

"HEADERS":                                         0xac
  HEADER_block                          0x4000     0xac  <Block>
    AAT                   const         0x4000     0xac  cstartup-common.o [12]
                                      - 0x40ac     0xac

"APP ro":                                       0x39638
  APPRO_block                           0x4200  0x39638  <Block>
    .intvec               const         0x4200    0x134  startup_efr32mg21.o [60]
    Initializer bytes     const         0x4334    0x135  <for rw section .textrw-1>
    .text                               0x446c  0x3130e  <Block>
      .text               ro code       0x446c    0x12c  zll-utility-server.o [47]
      .text               ro code       0x4598    0x912  util.o [1]
      .text               ro code       0x4eaa      0x2  identify-cli.o [25]
      .text               ro code       0x4eac    0x118  callback-stub.o [1]
      .text               ro code       0x4fc4    0x16c  message.o [1]
      .text               ro code       0x5130    0x27c  client-api.o [1]
      .text               ro code       0x53ac    0xcb8  attribute-storage.o [1]
      .text               ro code       0x6064    0x4e6  attribute-table.o [1]
      .text               ro code       0x654a     0xbe  mem-util.o [1]
      .text               ro code       0x6608     0x58  multi-network.o [1]
      .text               ro code       0x6660    0x19e  af-event.o [1]
      .text               ro code       0x67fe      0x2  startup_efr32mg21.o [60]
      .text               ro code       0x6800    0x228  zll-commissioning-common.o [41]
      .text               ro code       0x6a28    0xeb0  green-power-client.o [20]
      .text               ro code       0x78d8    0x9f8  reporting.o [34]
      .text               ro code       0x82d0     0x88  interpan-soc.o [26]
      .text               ro code       0x8358    0x16c  counters-soc.o [9]
      .text               ro code       0x84c4     0x74  battery-monitor-efr32.o [6]
      .text               ro code       0x8538   0x1aa4  association.o [71]
      .text               ro code       0x9fdc    0x1f0  ember-stack-common.o [71]
      .text               ro code       0xa1cc    0x124  print.o [1]
      .text               ro code       0xa2f0    0x118  time-util.o [1]
      .text               ro code       0xa408    0x14c  print-formatter.o [1]
      .text               ro code       0xa554    0x42c  groups-server.o [22]
      .text               ro code       0xa980     0x50  process-cluster-message.o [1]
      .text               ro code       0xa9d0    0x4ea  process-global-message.o [1]
      .text               ro code       0xaeba      0x2  startup_efr32mg21.o [60]
      .text               ro code       0xaebc    0x2c4  ember-multi-network-stub.o [65]
      .text               ro code       0xb180     0x18  ABImemcpy_small.o [67]
      .text               ro code       0xb198     0x64  afv2-bookkeeping.o [1]
      .text               ro code       0xb1fc    0x55c  interpan.o [26]
      .text               ro code       0xb758    0x99c  af-main-common.o [1]
      .text               ro code       0xc0f4    0x340  address-table.o [71]
      .text               ro code       0xc434    0x4d0  binding-table.o [48]
      .text               ro code       0xc904     0x50  random.o [1]
      .text               ro code       0xc954    0x5e8  af-main-soc.o [1]
      .text               ro code       0xcf3c     0x98  micro-common.o [12]
      .text               ro code       0xcfd4    0x254  token.o [12]
      .text               ro code       0xd228     0x24  attribute-size.o [1]
      .text               ro code       0xd24c     0x12  ABImemset_small.o [67]
      .text               ro code       0xd25e      0x2  startup_efr32mg21.o [60]
      .text               ro code       0xd260    0x24c  event-control.o [71]
      .text               ro code       0xd4ac     0x10  crypto-state.o [1]
      .text               ro code       0xd4bc    0xdcc  scenes.o [36]
      .text               ro code       0xe288    0x1d8  zll-commissioning-server.o [42]
      .text               ro code       0xe460    0x814  zll-api.o [73]
      .text               ro code       0xec74    0x3f2  leave.o [71]
      .text               ro code       0xf066    0x128  zll-tokens.o [73]
      .text               ro code       0xf18e      0x2  startup_efr32mg21.o [60]
      .text               ro code       0xf190    0xc7c  gp-data.o [59]
      .text               ro code       0xfe0c    0x740  scan.o [71]
      .text               ro code     0x1'054c    0x100  zigbee-dispatch.o [71]
      .text               ro code     0x1'064c    0x15a  green-power-common.o [21]
      .text               ro code     0x1'07a6      0x2  startup_efr32mg21.o [60]
      .text               ro code     0x1'07a8    0x824  gp-proxy-table.o [59]
      .text               ro code     0x1'0fcc    0x424  zigbee-stack.o [71]
      .text               ro code     0x1'13f0   0x18ec  network.o [71]
      .text               ro code     0x1'2cdc     0x7a  gp-util.o [59]
      .text               ro code     0x1'2d56     0x3a  zero_init3.o [67]
      .text               ro code     0x1'2d90    0x268  green-power-client-cli.o [20]
      .text               ro code     0x1'2ff8     0x78  reporting-default-configuration.o [34]
      .text               ro code     0x1'3070     0xb4  system-timer.o [60]
      .text               ro code     0x1'3124    0x73c  packet-buffer.o [71]
      .text               ro code     0x1'3860    0xa0c  upper-mac.o [71]
      .text               ro code     0x1'426c    0x380  mac-header.o [71]
      .text               ro code     0x1'45ec    0x1fc  assert-crash-handlers.o [12]
      .text               ro code     0x1'47e8     0x8c  em_prs.o [15]
      .text               ro code     0x1'4874    0x174  em_gpio.o [15]
      .text               ro code     0x1'49e8    0x124  generic-interrupt-control-efr32.o [19]
      .text               ro code     0x1'4b0c    0x2ae  ember-printf.o [13]
      .text               ro code     0x1'4dba     0x5e  byte-utilities.o [71]
      .text               ro code     0x1'4e18    0x300  child-handling.o [71]
      .text               ro code     0x1'5118    0x9cc  zigbee-device-util.o [71]
      .text               ro code     0x1'5ae4    0x184  token-cache.o [71]
      .text               ro code     0x1'5c68    0x2f8  management.o [71]
      .text               ro code     0x1'5f60     0x10  debug-extended-stub.o [56]
      .text               ro code     0x1'5f70    0x36c  random-id.o [71]
      .text               ro code     0x1'62dc    0xdb8  aps-security.o [68]
      .text               ro code     0x1'7094    0x6b4  child.o [71]
      .text               ro code     0x1'7748     0x14  ember-random-api.o [71]
      .text               ro code     0x1'775c    0x168  child-aging.o [71]
      .text               ro code     0x1'78c4      0xc  ember-multi-phy-stub.o [71]
      .text               ro code     0x1'78d0     0x4a  ember-configuration.o [1]
      .text               ro code     0x1'791a     0x7a  lz77_init_single.o [67]
      .text               ro code     0x1'7994    0x258  packet-header.o [71]
      .text               ro code     0x1'7bec     0x48  child-table.o [71]
      .text               ro code     0x1'7c34    0x5d0  zigbee-packet-header.o [71]
      .text               ro code     0x1'8204    0x5b5  mac-indirect.o [71]
      .text               ro code     0x1'87bc    0x7dc  neighbor.o [71]
      .text               ro code     0x1'8f98    0x628  command.o [71]
      .text               ro code     0x1'95c0    0x65c  trust-center-util.o [68]
      .text               ro code     0x1'9c1c     0x34  mac-info-element-parsing-stub.o [72]
      .text               ro code     0x1'9c50     0x28  enhanced-beacon-request-stub.o [72]
      .text               ro code     0x1'9c78      0x6  ABImemclr4.o [67]
      .text               ro code     0x1'9c80     0x1c  zdo-r22-stub.o [72]
      .text               ro code     0x1'9c9c   0x1318  phy.o [71]
      .text               ro code     0x1'afb4    0x45c  zdo-channel.o [71]
      .text               ro code     0x1'b410    0x302  retry.o [71]
      .text               ro code     0x1'b714    0x6b0  aps-keys.o [68]
      .text               ro code     0x1'bdc4     0x2c  mac-dispatch.o [71]
      .text               ro code     0x1'bdf0     0xae  serial.o [38]
      .text               ro code     0x1'bea0    0xfe8  call-command-handler.o [1]
      .text               ro code     0x1'ce88    0x1f8  zigbee-neighbor.o [71]
      .text               ro code     0x1'd080    0x136  light_external_lna_prs_mg21_v655_callbacks.o [1]
      .text               ro code     0x1'd1b8    0x244  network-creator-security.o [29]
      .text               ro code     0x1'd3fc     0x20  heartbeat.o [24]
      .text               ro code     0x1'd41c    0x108  update-tc-link-key.o [40]
      .text               ro code     0x1'd524    0x294  zigbee-device-library.o [1]
      .text               ro code     0x1'd7b8    0x46c  service-discovery-common.o [1]
      .text               ro code     0x1'dc24    0x5f2  network-steering.o [30]
      .text               ro code     0x1'e218    0x8fc  aps-retry.o [71]
      .text               ro code     0x1'eb14      0x8  em_core.o [15]
      .text               ro code     0x1'eb1c    0x58e  micro.o [12]
      .text               ro code     0x1'f0ac     0xa4  cstartup-common.o [12]
      .text               ro code     0x1'f150    0x3b0  diagnostic.o [12]
      .text               ro code     0x1'f500     0x1c  security-address-cache.o [1]
      .text               ro code     0x1'f51c    0x730  command-interpreter2.o [1]
      .text               ro code     0x1'fc4c    0x27e  mfg-token.o [12]
      .text               ro code     0x1'fecc    0xa58  application-support.o [71]
      .text               ro code     0x2'0924    0x33e  form-and-join.o [18]
      .text               ro code     0x2'0c64    0x168  scan-dispatch.o [35]
      .text               ro code     0x2'0dcc      0x4  faults-v7m.o [12]
      .text               ro code     0x2'0dd0    0x78c  em_cmu.o [15]
      .text               ro code     0x2'155c     0xba  em_wdog.o [15]
      .text               ro code     0x2'1616      0x4  sim-eeprom2-to-nvm3-upgrade-stub.o [70]
      .text               ro code     0x2'161c   0x1a66  nvm3.o [62]
      .text               ro code     0x2'3084      0x6  ember-base-configuration.o [1]
      .text               ro code     0x2'308a      0xc  em_core.o [15]
      .text               ro code     0x2'3096      0x6  em_core.o [15]
      .text               ro code     0x2'309c     0x1a  em_core.o [15]
      .text               ro code     0x2'30b8    0x1ba  zll-scenes-server.o [46]
      .text               ro code     0x2'3274    0x984  zll-interpan.o [73]
      .text               ro code     0x2'3bf8    0x184  zll-security.o [73]
      .text               ro code     0x2'3d7c     0xe4  af-trust-center.o [1]
      .text               ro code     0x2'3e60     0x60  aes.o [71]
      .text               ro code     0x2'3ec0    0x5ca  crypto.o [71]
      .text               ro code     0x2'448c    0x418  lower-mac-efr32.o [71]
      .text               ro code     0x2'48a4     0x12  debug-jtag-stub.o [11]
      .text               ro code     0x2'48b8     0x90  ember-library.o [71]
      .text               ro code     0x2'4948    0x360  rail_rf.o [63]
      .text               ro code     0x2'4ca8     0x12  phy-util.o [71]
      .text               ro code     0x2'4cbc    0x2d8  debug.o [55]
      .text               ro code     0x2'4f94      0x6  cbke-crypto-engine-163k1-stub.o [49]
      .text               ro code     0x2'4f9a      0x6  cbke-crypto-engine-283k1-stub.o [50]
      .text               ro code     0x2'4fa0    0x1c4  broadcast.o [71]
      .text               ro code     0x2'5164    0x538  route-table.o [71]
      .text               ro code     0x2'569c      0xe  cbke-crypto-engine-stub.o [54]
      .text               ro code     0x2'56ac     0x58  micro-common-internal.o [60]
      .text               ro code     0x2'5704    0x22c  store-forward.o [71]
      .text               ro code     0x2'5930     0x64  unicast-table.o [71]
      .text               ro code     0x2'5994    0x4fc  aps-encryption.o [68]
      .text               ro code     0x2'5e90    0x278  jit.o [71]
      .text               ro code     0x2'6108    0x7c6  route-discovery.o [71]
      .text               ro code     0x2'68d0     0x7a  led.o [12]
      .text               ro code     0x2'694a      0x8  packet-validate-stub.o [66]
      .text               ro code     0x2'6952    0x154  route-error.o [71]
      .text               ro code     0x2'6aa8    0x3a4  neighbor-exchange.o [71]
      .text               ro code     0x2'6e4c    0x5f8  rtcdriver.o [14]
      .text               ro code     0x2'7444    0x184  ustimer.o [14]
      .text               ro code     0x2'75c8    0x158  sleep-efm32.o [12]
      .text               ro code     0x2'7720      0x8  em_core.o [15]
      .text               ro code     0x2'7728     0x50  micro-internal.o [60]
      .text               ro code     0x2'7778     0xc0  gpiointerrupt.o [14]
      .text               ro code     0x2'7838    0x742  com.o [37]
      .text               ro code     0x2'7f7c    0xa5c  zigbee-device.o [71]
      .text               ro code     0x2'89d8      0x8  end-device-bind-stub.o [58]
      .text               ro code     0x2'89e0     0x6c  install-code-tokens.o [61]
      .text               ro code     0x2'8a4c    0x524  aps-keys-transient.o [68]
      .text               ro code     0x2'8f70     0x62  hmac.o [68]
      .text               ro code     0x2'8fd2     0x1a  aps-keys-full-stub.o [69]
      .text               ro code     0x2'8fec      0x4  ember-duty-cycle-stub.o [71]
      .text               ro code     0x2'8ff0     0x22  I64Shl.o [67]
      .text               ro code     0x2'9014     0x32  ABImemset48.o [67]
      .text               ro code     0x2'9046      0xc  coexistence-802154.o [7]
      .text               ro code     0x2'9054    0x130  rail_singleprotocol.o [63]
      .text               ro code     0x2'9184     0xbe  rail_calibration.o [63]
      .text               ro code     0x2'9242     0xb8  rail_tx.o [63]
      .text               ro code     0x2'92fc    0x1b4  rail_ieee802154.o [63]
      .text               ro code     0x2'94b0     0x5e  duty-cycle-stub.o [71]
      .text               ro code     0x2'950e      0xc  antenna-stub.o [4]
      .text               ro code     0x2'951c     0xa0  rail_data.o [63]
      .text               ro code     0x2'95bc     0x26  rail_rx.o [63]
      .text               ro code     0x2'95e4     0x18  eui64.o [71]
      .text               ro code     0x2'95fc     0xb0  rail_autoack.o [63]
      .text               ro code     0x2'96ac      0xc  rail_pti.o [63]
      .text               ro code     0x2'96b8     0xca  security-config-mfg-3xx.o [68]
      .text               ro code     0x2'9784     0x28  basic.o [5]
      .text               ro code     0x2'97ac    0x11c  identify.o [25]
      .text               ro code     0x2'98c8    0x142  zll-identify-server.o [43]
      .text               ro code     0x2'9a0c    0x1c4  on-off.o [33]
      .text               ro code     0x2'9bd0    0x3f0  zll-on-off-server.o [45]
      .text               ro code     0x2'9fc0    0x70c  level-control.o [27]
      .text               ro code     0x2'a6cc    0xdfa  color-control-server.o [8]
      .text               ro code     0x2'b4c8     0x44  find-and-bind-target.o [17]
      .text               ro code     0x2'b50c    0x368  network-creator.o [28]
      .text               ro code     0x2'b874    0x100  zigbee-device-common.o [1]
      .text               ro code     0x2'b974     0x56  service-discovery-soc.o [1]
      .text               ro code     0x2'b9cc     0x68  network-steering-soc.o [30]
      .text               ro code     0x2'ba34      0x2  af-security-common.o [1]
      .text               ro code     0x2'ba38     0x1c  em_system.o [15]
      .text               ro code     0x2'ba54     0xb8  hal-config.o [23]
      .text               ro code     0x2'bb0c    0x194  tempdrv.o [14]
      .text               ro code     0x2'bca0     0x90  em_emu.o [15]
      .text               ro code     0x2'bd30     0x1c  pa_conversions_efr32.o [63]
      .text               ro code     0x2'bd4c     0x1c  em_rmu.o [15]
      .text               ro code     0x2'bd68    0x524  core-cli.o [1]
      .text               ro code     0x2'c28c     0xdc  em_se.o [15]
      Veneer              ro code     0x2'c368      0x8  - Linker created -
      .text               ro code     0x2'c370     0xbc  flash.o [60]
      .text               ro code     0x2'c42c      0x4  cbke-crypto-engine-dsa-sign-stub.o [51]
      .text               ro code     0x2'c430     0x50  form-and-join-node-adapter.o [18]
      .text               ro code     0x2'c480      0xa  form-and-join-afv2.o [18]
      .text               ro code     0x2'c48c     0x70  faults-v7m.o [12]
      .text               ro code     0x2'c4fc    0x148  system_efr32mg21.o [15]
      .text               ro code     0x2'c644    0x256  nvm3_page.o [62]
      .text               ro code     0x2'c89c    0x1ba  nvm3_object.o [62]
      .text               ro code     0x2'ca58    0x28e  nvm3_cache.o [62]
      .text               ro code     0x2'cce6     0x3e  nvm3_utils.o [62]
      .text               ro code     0x2'cd24     0x10  nvm3_lock.o [31]
      .text               ro code     0x2'cd34      0xc  nvm3_lock.o [31]
      .text               ro code     0x2'cd40     0x24  crc.o [1]
      .text               ro code     0x2'cd64    0x14e  aes-mmo.o [68]
      .text               ro code     0x2'ceb4    0x100  radioaes_aes.o [71]
      .text               ro code     0x2'cfb4    0x10c  symbol-timer.o [71]
      .text               ro code     0x2'd0c0     0x18  rfhal_module.o [63]
      .text               ro code     0x2'd0d8   0x1404  rail_rf_hal.o [63]
      .text               ro code     0x2'e4dc     0x18  rail_assert.o [63]
      .text               ro code     0x2'e4f4     0xc4  pa_conversions_efr32.o [63]
      .text               ro code     0x2'e5b8     0x9c  em_rtcc.o [15]
      .text               ro code     0x2'e654    0x106  I64DivMod_small.o [67]
      .text               ro code     0x2'e75c    0x1a0  em_timer.o [15]
      .text               ro code     0x2'e8fc    0xb1c  uartdrv.o [14]
      .text               ro code     0x2'f418    0x1ea  em_usart.o [15]
      .text               ro code     0x2'f604    0x1c4  zdo-binding-table.o [48]
      .text               ro code     0x2'f7c8      0x6  rail_rssi.o [63]
      .text               ro code     0x2'f7ce      0x8  em_core.o [15]
      .text               ro code     0x2'f7d6      0x6  em_core.o [15]
      .text               ro code     0x2'f7dc     0x68  rfhal_ircal.o [63]
      .text               ro code     0x2'f844     0xac  pa_conversions_efr32.o [63]
      .text               ro code     0x2'f8f0    0x1d5  rail_ieee802154_rf_hal.o [63]
      .text               ro code     0x2'fac6     0x1e  zll-level-control-server.o [44]
      .text               ro code     0x2'fae4    0x156  button.o [12]
      .text               ro code     0x2'fc3c     0x30  em_msc.o [15]
      .text               ro code     0x2'fc6c     0x9e  radioaes.o [71]
      .text               ro code     0x2'fd0a      0x4  rail_timer.o [63]
      .text               ro code     0x2'fd10    0xd9c  generic_phy.o [63]
      .text               ro code     0x3'0aac    0x4dc  rfhal_radio.o [63]
      .text               ro code     0x3'0f88    0x2e0  rfhal_timings.o [63]
      .text               ro code     0x3'1268    0x760  rfhal_pa.o [63]
      .text               ro code     0x3'19c8    0x624  rfhal_bufc.o [63]
      .text               ro code     0x3'1fec    0x536  rfhal_protimer.o [63]
      .text               ro code     0x3'2524     0x2c  rfhal_tempcal.o [63]
      .text               ro code     0x3'2550    0x29c  rfhal_synth.o [63]
      .text               ro code     0x3'27ec    0x120  rfhal_rand.o [63]
      .text               ro code     0x3'290c    0x124  rfhal_pti.o [63]
      .text               ro code     0x3'2a30      0x2  I64DivZer.o [67]
      .text               ro code     0x3'2a34    0x430  dmadrv.o [14]
      .text               ro code     0x3'2e64     0x4c  em_core.o [15]
      .text               ro code     0x3'2eb0     0x40  rfhal_antenna.o [63]
      .text               ro code     0x3'2ef0     0x44  seq_globals.o [63]
      .text               ro code     0x3'2f34     0x12  rail_ble_rf_hal.o [63]
      .text               ro code     0x3'2f48      0x6  ABImemclr.o [67]
      .text               ro code     0x3'2f50    0x184  em_ldma.o [15]
      .text               ro code     0x3'30d4     0x40  em_core.o [15]
      .text               ro code     0x3'3114    0x38e  zll-commissioning-cli.o [41]
      .text               ro code     0x3'34a4     0x18  scenes-cli.o [36]
      .text               ro code     0x3'34bc     0xb0  reporting-cli.o [34]
      Veneer              ro code     0x3'356c      0x8  - Linker created -
      .text               ro code     0x3'3574     0xe0  nvm3_hal_flash.o [32]
      .text               ro code     0x3'3654     0x1e  memcmp_small.o [67]
      .text               ro code     0x3'3674    0x200  network-steering-cli.o [30]
      .text               ro code     0x3'3874     0xd4  network-creator-security-cli.o [29]
      .text               ro code     0x3'3948    0x16c  network-creator-cli.o [28]
      .text               ro code     0x3'3ab4     0xd4  interpan-cli.o [26]
      .text               ro code     0x3'3b88     0x5c  groups-server-cli.o [22]
      .text               ro code     0x3'3be4      0x4  faults-v7m.o [12]
      .text               ro code     0x3'3be8      0x4  faults-v7m.o [12]
      .text               ro code     0x3'3bec      0x4  faults-v7m.o [12]
      .text               ro code     0x3'3bf0      0x4  faults-v7m.o [12]
      .text               ro code     0x3'3bf4      0x4  faults-v7m.o [12]
      .text               ro code     0x3'3bf8      0x4  faults-v7m.o [12]
      .text               ro code     0x3'3bfc      0x4  isr-stubs.o [12]
      .text               ro code     0x3'3c00     0xc0  counters-cli.o [9]
      .text               ro code     0x3'3cc0     0xac  library.o [1]
      .text               ro code     0x3'3d6c    0x2d0  network-cli.o [1]
      .text               ro code     0x3'403c    0x360  option-cli.o [1]
      .text               ro code     0x3'439c    0x360  security-cli.o [1]
      .text               ro code     0x3'46fc    0x9ea  zcl-cli.o [1]
      .text               ro code     0x3'50e8    0x58a  zdo-cli.o [1]
      .text               ro code     0x3'5674     0x1c  rfhal_rtccsync.o [63]
      .text               ro code     0x3'5690     0x22  fpinit_M.o [64]
      .text               ro code     0x3'56b4     0x1e  cmain.o [67]
      .text               ro code     0x3'56d2      0x4  low_level_init.o [57]
      .text               ro code     0x3'56d8     0x28  data_init.o [67]
      .text               ro code     0x3'5700     0x12  simple-main.o [39]
      .text               ro code     0x3'5712      0x4  exit.o [57]
      .text               ro code     0x3'5718      0xa  cexit.o [67]
      .text               ro code     0x3'5724      0xc  XXexit.o [67]
      .text               ro code     0x3'5730     0x10  update-tc-link-key-cli.o [40]
      .text               ro code     0x3'5740     0x12  find-and-bind-target-cli.o [17]
      .text               ro code     0x3'5752      0xa  cli.o [1]
      .text               ro code     0x3'575c      0xe  startup_efr32mg21.o [60]
      .text               ro code     0x3'576a      0xc  cstartup_M.o [67]
      .text               ro code     0x3'5776      0x4  radio_config_em3xxx_2.4GHz.o [71]
    .rodata               const       0x3'577c      0x4  zll-utility-server.o [47]
    .rodata               const       0x3'5780      0x4  zll-scenes-server.o [46]
    .rodata               const       0x3'5784      0x8  zll-on-off-server.o [45]
    .rodata               const       0x3'578c      0x8  zll-on-off-server.o [45]
    .rodata               const       0x3'5794     0x10  zll-on-off-server.o [45]
    .rodata               const       0x3'57a4     0x18  zll-on-off-server.o [45]
    .rodata               const       0x3'57bc      0x4  zll-commissioning-server.o [42]
    .rodata               const       0x3'57c0     0x1c  zll-commissioning-server.o [42]
    .rodata               const       0x3'57dc     0x20  zll-commissioning-server.o [42]
    .rodata               const       0x3'57fc     0x2c  zll-commissioning-cli.o [41]
    .rodata               const       0x3'5828     0x2c  zll-commissioning-cli.o [41]
    .rodata               const       0x3'5854      0x8  zll-commissioning-cli.o [41]
    .rodata               const       0x3'585c      0x8  zll-commissioning-cli.o [41]
    .rodata               const       0x3'5864     0x18  zll-commissioning-cli.o [41]
    .rodata               const       0x3'587c     0x18  zll-commissioning-cli.o [41]
    .rodata               const       0x3'5894     0x14  zll-commissioning-cli.o [41]
    .rodata               const       0x3'58a8      0xc  zll-commissioning-cli.o [41]
    .rodata               const       0x3'58b4     0x10  zll-commissioning-cli.o [41]
    .rodata               const       0x3'58c4      0x8  zll-commissioning-cli.o [41]
    .rodata               const       0x3'58cc      0x8  zll-commissioning-cli.o [41]
    .rodata               const       0x3'58d4      0xc  zll-commissioning-cli.o [41]
    .rodata               const       0x3'58e0      0x8  zll-commissioning-cli.o [41]
    .rodata               const       0x3'58e8      0xc  zll-commissioning-cli.o [41]
    .rodata               const       0x3'58f4      0xc  zll-commissioning-cli.o [41]
    .rodata               const       0x3'5900     0x10  zll-commissioning-cli.o [41]
    .rodata               const       0x3'5910     0x28  zll-commissioning-cli.o [41]
    .rodata               const       0x3'5938     0x28  zll-commissioning-cli.o [41]
    .rodata               const       0x3'5960     0x18  zll-commissioning-cli.o [41]
    .rodata               const       0x3'5978     0x14  zll-commissioning-cli.o [41]
    .rodata               const       0x3'598c     0x18  zll-commissioning-cli.o [41]
    .rodata               const       0x3'59a4     0x18  zll-commissioning-cli.o [41]
    .rodata               const       0x3'59bc     0x1c  zll-commissioning-cli.o [41]
    .rodata               const       0x3'59d8     0x14  zll-commissioning-cli.o [41]
    .rodata               const       0x3'59ec     0x20  zll-commissioning-cli.o [41]
    .rodata               const       0x3'5a0c     0x10  zll-commissioning-cli.o [41]
    .rodata               const       0x3'5a1c      0x8  zll-commissioning-cli.o [41]
    .rodata               const       0x3'5a24      0xc  zll-commissioning-cli.o [41]
    .rodata               const       0x3'5a30      0xc  zll-commissioning-cli.o [41]
    .rodata               const       0x3'5a3c     0x30  zll-commissioning-common.o [41]
    .rodata               const       0x3'5a6c     0x1c  zll-commissioning-common.o [41]
    .rodata               const       0x3'5a88     0x28  zll-commissioning-common.o [41]
    .rodata               const       0x3'5ab0     0x14  zll-commissioning-common.o [41]
    .rodata               const       0x3'5ac4      0x8  zll-commissioning-common.o [41]
    .rodata               const       0x3'5acc     0x18  zll-commissioning-common.o [41]
    .rodata               const       0x3'5ae4     0x18  zll-commissioning-common.o [41]
    .rodata               const       0x3'5afc     0x30  zll-commissioning-common.o [41]
    .rodata               const       0x3'5b2c     0x20  zll-commissioning-common.o [41]
    .rodata               const       0x3'5b4c     0x18  zll-commissioning-common.o [41]
    .rodata               const       0x3'5b64     0x10  zll-commissioning-common.o [41]
    .rodata               const       0x3'5b74      0x4  update-tc-link-key.o [40]
    .rodata               const       0x3'5b78     0x14  update-tc-link-key.o [40]
    .rodata               const       0x3'5b8c     0x18  update-tc-link-key.o [40]
    .rodata               const       0x3'5ba4      0x8  update-tc-link-key.o [40]
    .rodata               const       0x3'5bac      0x8  update-tc-link-key.o [40]
    .rodata               const       0x3'5bb4      0xc  update-tc-link-key.o [40]
    .rodata               const       0x3'5bc0     0x10  update-tc-link-key.o [40]
    .rodata               const       0x3'5bd0     0x30  update-tc-link-key.o [40]
    .rodata               const       0x3'5c00     0x28  serial.o [38]
    .rodata               const       0x3'5c28      0x8  com.o [37]
    .rodata               const       0x3'5c30     0x18  scenes-cli.o [36]
    .rodata               const       0x3'5c48      0xc  scenes.o [36]
    .rodata               const       0x3'5c54     0x10  scenes.o [36]
    .rodata               const       0x3'5c64     0x10  scenes.o [36]
    .rodata               const       0x3'5c74      0xc  scenes.o [36]
    .rodata               const       0x3'5c80     0x24  scenes.o [36]
    .rodata               const       0x3'5ca4      0x8  scenes.o [36]
    .rodata               const       0x3'5cac     0x20  scenes.o [36]
    .rodata               const       0x3'5ccc      0x4  scenes.o [36]
    .rodata               const       0x3'5cd0      0xc  scenes.o [36]
    .rodata               const       0x3'5cdc      0x8  scenes.o [36]
    .rodata               const       0x3'5ce4     0x10  scenes.o [36]
    .rodata               const       0x3'5cf4     0x14  scenes.o [36]
    .rodata               const       0x3'5d08      0x4  scenes.o [36]
    .rodata               const       0x3'5d0c      0x4  scenes.o [36]
    .rodata               const       0x3'5d10      0x4  scenes.o [36]
    .rodata               const       0x3'5d14      0x8  scenes.o [36]
    .rodata               const       0x3'5d1c     0x10  scenes.o [36]
    .rodata               const       0x3'5d2c      0xc  scenes.o [36]
    .rodata               const       0x3'5d38      0xc  scenes.o [36]
    .rodata               const       0x3'5d44     0x18  scenes.o [36]
    .rodata               const       0x3'5d5c     0x14  scenes.o [36]
    .rodata               const       0x3'5d70     0x14  scenes.o [36]
    .rodata               const       0x3'5d84     0x18  scenes.o [36]
    .rodata               const       0x3'5d9c     0x10  scenes.o [36]
    .rodata               const       0x3'5dac     0x14  scenes.o [36]
    .rodata               const       0x3'5dc0     0xb4  reporting-default-configuration.o [34]
    .rodata               const       0x3'5e74     0x1c  nvm3_hal_flash.o [32]
    .rodata               const       0x3'5e90      0x4  nvm3_lock.o [31]
    .rodata               const       0x3'5e94     0x18  network-steering-cli.o [30]
    .rodata               const       0x3'5eac     0x14  network-steering-cli.o [30]
    .rodata               const       0x3'5ec0      0x8  network-steering-cli.o [30]
    .rodata               const       0x3'5ec8      0xc  network-steering-cli.o [30]
    .rodata               const       0x3'5ed4     0x14  network-steering-cli.o [30]
    .rodata               const       0x3'5ee8     0x1c  network-steering-cli.o [30]
    .rodata               const       0x3'5f04      0x8  network-steering-cli.o [30]
    .rodata               const       0x3'5f0c      0xc  network-steering-cli.o [30]
    .rodata               const       0x3'5f18      0x8  network-steering-cli.o [30]
    .rodata               const       0x3'5f20      0x8  network-steering-cli.o [30]
    .rodata               const       0x3'5f28     0x10  network-steering-cli.o [30]
    .rodata               const       0x3'5f38     0x10  network-steering-cli.o [30]
    .rodata               const       0x3'5f48     0x10  network-steering-cli.o [30]
    .rodata               const       0x3'5f58     0x14  network-steering-cli.o [30]
    .rodata               const       0x3'5f6c     0x14  network-steering-cli.o [30]
    .rodata               const       0x3'5f80     0x14  network-steering-cli.o [30]
    .rodata               const       0x3'5f94     0x14  network-steering-cli.o [30]
    .rodata               const       0x3'5fa8     0x14  network-steering-cli.o [30]
    .rodata               const       0x3'5fbc     0x14  network-steering-cli.o [30]
    .rodata               const       0x3'5fd0     0x10  network-steering-cli.o [30]
    .rodata               const       0x3'5fe0      0x8  network-steering-cli.o [30]
    .rodata               const       0x3'5fe8     0x2c  network-steering-soc.o [30]
    .rodata               const       0x3'6014      0x8  network-steering.o [30]
    .rodata               const       0x3'601c     0x30  network-steering.o [30]
    .rodata               const       0x3'604c     0x30  network-steering.o [30]
    .rodata               const       0x3'607c     0x2c  network-steering.o [30]
    .rodata               const       0x3'60a8     0x30  network-steering.o [30]
    .rodata               const       0x3'60d8     0x30  network-steering.o [30]
    .rodata               const       0x3'6108     0x30  network-steering.o [30]
    .rodata               const       0x3'6138     0x30  network-steering.o [30]
    .rodata               const       0x3'6168     0x30  network-steering.o [30]
    .rodata               const       0x3'6198     0x3c  network-steering.o [30]
    .rodata               const       0x3'61d4     0x24  network-steering.o [30]
    .rodata               const       0x3'61f8     0x24  network-steering.o [30]
    .rodata               const       0x3'621c     0x1c  network-steering.o [30]
    .rodata               const       0x3'6238     0x14  network-steering.o [30]
    .rodata               const       0x3'624c     0x28  network-steering.o [30]
    .rodata               const       0x3'6274     0x14  network-steering.o [30]
    .rodata               const       0x3'6288     0x2c  network-steering.o [30]
    .rodata               const       0x3'62b4     0x2c  network-steering.o [30]
    .rodata               const       0x3'62e0     0x18  network-steering.o [30]
    .rodata               const       0x3'62f8     0x10  network-steering.o [30]
    .rodata               const       0x3'6308     0x2c  network-steering.o [30]
    .rodata               const       0x3'6334     0x10  network-steering.o [30]
    .rodata               const       0x3'6344      0x8  network-steering.o [30]
    .rodata               const       0x3'634c      0x8  network-steering.o [30]
    .rodata               const       0x3'6354     0x2c  network-steering.o [30]
    .rodata               const       0x3'6380     0x1c  network-steering.o [30]
    .rodata               const       0x3'639c     0x24  network-steering.o [30]
    .rodata               const       0x3'63c0     0x10  network-steering.o [30]
    .rodata               const       0x3'63d0     0x10  network-steering.o [30]
    .rodata               const       0x3'63e0     0x10  network-steering.o [30]
    .rodata               const       0x3'63f0     0x10  network-creator-security-cli.o [29]
    .rodata               const       0x3'6400     0x18  network-creator-security-cli.o [29]
    .rodata               const       0x3'6418     0x18  network-creator-security-cli.o [29]
    .rodata               const       0x3'6430     0x18  network-creator-security-cli.o [29]
    .rodata               const       0x3'6448     0x18  network-creator-security-cli.o [29]
    .rodata               const       0x3'6460      0x8  network-creator-security-cli.o [29]
    .rodata               const       0x3'6468      0x8  network-creator-security-cli.o [29]
    .rodata               const       0x3'6470     0x18  network-creator-security-cli.o [29]
    .rodata               const       0x3'6488     0x38  network-creator-security.o [29]
    .rodata               const       0x3'64c0     0x18  network-creator-security.o [29]
    .rodata               const       0x3'64d8     0x10  network-creator-security.o [29]
    .rodata               const       0x3'64e8     0x10  network-creator-security.o [29]
    .rodata               const       0x3'64f8      0x8  network-creator-security.o [29]
    .rodata               const       0x3'6500      0x8  network-creator-security.o [29]
    .rodata               const       0x3'6508     0x10  network-creator-security.o [29]
    .rodata               const       0x3'6518     0x10  network-creator-security.o [29]
    .rodata               const       0x3'6528     0x10  network-creator-cli.o [28]
    .rodata               const       0x3'6538      0xc  network-creator-cli.o [28]
    .rodata               const       0x3'6544      0x8  network-creator-cli.o [28]
    .rodata               const       0x3'654c     0x1c  network-creator-cli.o [28]
    .rodata               const       0x3'6568     0x20  network-creator-cli.o [28]
    .rodata               const       0x3'6588      0x8  network-creator-cli.o [28]
    .rodata               const       0x3'6590      0xc  network-creator-cli.o [28]
    .rodata               const       0x3'659c      0x8  network-creator-cli.o [28]
    .rodata               const       0x3'65a4     0x10  network-creator-cli.o [28]
    .rodata               const       0x3'65b4     0x14  network-creator-cli.o [28]
    .rodata               const       0x3'65c8     0x10  network-creator.o [28]
    .rodata               const       0x3'65d8      0xc  network-creator.o [28]
    .rodata               const       0x3'65e4     0x14  network-creator.o [28]
    .rodata               const       0x3'65f8     0x28  network-creator.o [28]
    .rodata               const       0x3'6620     0x24  network-creator.o [28]
    .rodata               const       0x3'6644     0x24  network-creator.o [28]
    .rodata               const       0x3'6668     0x10  network-creator.o [28]
    .rodata               const       0x3'6678     0x10  level-control.o [27]
    .rodata               const       0x3'6688     0x28  interpan-cli.o [26]
    .rodata               const       0x3'66b0     0x18  interpan-cli.o [26]
    .rodata               const       0x3'66c8      0xc  interpan-cli.o [26]
    .rodata               const       0x3'66d4      0x8  interpan-cli.o [26]
    .rodata               const       0x3'66dc      0x8  interpan-cli.o [26]
    .rodata               const       0x3'66e4     0x30  interpan-cli.o [26]
    .rodata               const       0x3'6714     0x2c  interpan-soc.o [26]
    .rodata               const       0x3'6740      0xc  interpan-soc.o [26]
    .rodata               const       0x3'674c      0xc  interpan-soc.o [26]
    .rodata               const       0x3'6758     0x1c  interpan-soc.o [26]
    .rodata               const       0x3'6774     0x30  interpan.o [26]
    .rodata               const       0x3'67a4     0x20  interpan.o [26]
    .rodata               const       0x3'67c4     0x10  interpan.o [26]
    .rodata               const       0x3'67d4     0x1c  interpan.o [26]
    .rodata               const       0x3'67f0     0x20  interpan.o [26]
    .rodata               const       0x3'6810     0x20  interpan.o [26]
    .rodata               const       0x3'6830     0x20  interpan.o [26]
    .rodata               const       0x3'6850     0x18  interpan.o [26]
    .rodata               const       0x3'6868     0x3c  interpan.o [26]
    .rodata               const       0x3'68a4     0x18  interpan.o [26]
    .rodata               const       0x3'68bc      0x4  interpan.o [26]
    .rodata               const       0x3'68c0      0x8  interpan.o [26]
    .rodata               const       0x3'68c8      0x8  interpan.o [26]
    .rodata               const       0x3'68d0      0x8  interpan.o [26]
    .rodata               const       0x3'68d8     0x14  interpan.o [26]
    .rodata               const       0x3'68ec     0x10  interpan.o [26]
    .rodata               const       0x3'68fc     0x18  interpan.o [26]
    .rodata               const       0x3'6914     0x14  interpan.o [26]
    .rodata               const       0x3'6928     0x18  interpan.o [26]
    .rodata               const       0x3'6940     0x14  interpan.o [26]
    .rodata               const       0x3'6954     0x1c  interpan.o [26]
    .rodata               const       0x3'6970      0x8  interpan.o [26]
    .rodata               const       0x3'6978      0x8  interpan.o [26]
    .rodata               const       0x3'6980     0x14  hal-config.o [23]
    .rodata               const       0x3'6994     0x14  hal-config.o [23]
    .rodata               const       0x3'69a8     0x10  groups-server-cli.o [22]
    .rodata               const       0x3'69b8     0x18  groups-server-cli.o [22]
    .rodata               const       0x3'69d0      0x4  groups-server.o [22]
    .rodata               const       0x3'69d4      0x4  groups-server.o [22]
    .rodata               const       0x3'69d8      0x4  groups-server.o [22]
    .rodata               const       0x3'69dc     0x14  groups-server.o [22]
    .rodata               const       0x3'69f0     0x20  green-power-client-cli.o [20]
    .rodata               const       0x3'6a10      0x8  green-power-client-cli.o [20]
    .rodata               const       0x3'6a18      0x8  green-power-client-cli.o [20]
    .rodata               const       0x3'6a20      0x4  green-power-client-cli.o [20]
    .rodata               const       0x3'6a24      0x4  green-power-client-cli.o [20]
    .rodata               const       0x3'6a28     0x14  green-power-client-cli.o [20]
    .rodata               const       0x3'6a3c      0xc  green-power-client.o [20]
    .rodata               const       0x3'6a48      0x8  green-power-client.o [20]
    .rodata               const       0x3'6a50     0x10  find-and-bind-target.o [17]
    .rodata               const       0x3'6a60     0x18  find-and-bind-target.o [17]
    .rodata               const       0x3'6a78     0x10  find-and-bind-target.o [17]
    .rodata               const       0x3'6a88     0x40  bootloader-interface.o [16]
    .rodata               const       0x3'6ac8     0x20  em_se.o [15]
    .rodata               const       0x3'6ae8      0xc  em_se.o [15]
    .rodata               const       0x3'6af4     0x10  dmadrv.o [14]
    .rodata               const       0x3'6b04     0x10  dmadrv.o [14]
    .rodata               const       0x3'6b14      0x4  dmadrv.o [14]
    .rodata               const       0x3'6b18     0x1c  uartdrv.o [14]
    .rodata               const       0x3'6b34     0x10  ustimer.o [14]
    .rodata               const       0x3'6b44      0x4  ember-printf.o [13]
    .rodata               const       0x3'6b48     0x24  ember-printf.o [13]
    .rodata               const       0x3'6b6c     0x14  assert-crash-handlers.o [12]
    .rodata               const       0x3'6b80     0x10  button.o [12]
    .rodata               const       0x3'6b90     0x20  cstartup-common.o [12]
    .rodata               const       0x3'6bb0     0x40  diagnostic.o [12]
    .rodata               const       0x3'6bf0     0x38  diagnostic.o [12]
    .rodata               const       0x3'6c28     0x44  diagnostic.o [12]
    .rodata               const       0x3'6c6c     0x3c  diagnostic.o [12]
    .rodata               const       0x3'6ca8     0x30  diagnostic.o [12]
    .rodata               const       0x3'6cd8     0x30  diagnostic.o [12]
    .rodata               const       0x3'6d08     0x24  diagnostic.o [12]
    .rodata               const       0x3'6d2c     0x28  diagnostic.o [12]
    .rodata               const       0x3'6d54     0x40  diagnostic.o [12]
    .rodata               const       0x3'6d94     0x3c  diagnostic.o [12]
    .rodata               const       0x3'6dd0     0x30  diagnostic.o [12]
    .rodata               const       0x3'6e00     0x38  diagnostic.o [12]
    .rodata               const       0x3'6e38     0x3c  diagnostic.o [12]
    .rodata               const       0x3'6e74     0x30  diagnostic.o [12]
    .rodata               const       0x3'6ea4     0x38  diagnostic.o [12]
    .rodata               const       0x3'6edc     0x30  diagnostic.o [12]
    .rodata               const       0x3'6f0c     0x40  diagnostic.o [12]
    .rodata               const       0x3'6f4c      0xc  diagnostic.o [12]
    .rodata               const       0x3'6f58     0x10  diagnostic.o [12]
    .rodata               const       0x3'6f68      0xc  diagnostic.o [12]
    .rodata               const       0x3'6f74      0xc  diagnostic.o [12]
    .rodata               const       0x3'6f80      0xc  diagnostic.o [12]
    .rodata               const       0x3'6f8c      0xc  diagnostic.o [12]
    .rodata               const       0x3'6f98     0x10  diagnostic.o [12]
    .rodata               const       0x3'6fa8     0x10  diagnostic.o [12]
    .rodata               const       0x3'6fb8      0xc  diagnostic.o [12]
    .rodata               const       0x3'6fc4      0xc  diagnostic.o [12]
    .rodata               const       0x3'6fd0     0x10  diagnostic.o [12]
    .rodata               const       0x3'6fe0      0xc  diagnostic.o [12]
    .rodata               const       0x3'6fec     0x10  diagnostic.o [12]
    .rodata               const       0x3'6ffc     0x10  diagnostic.o [12]
    .rodata               const       0x3'700c      0xc  diagnostic.o [12]
    .rodata               const       0x3'7018      0xc  diagnostic.o [12]
    .rodata               const       0x3'7024      0xc  diagnostic.o [12]
    .rodata               const       0x3'7030      0xc  diagnostic.o [12]
    .rodata               const       0x3'703c     0x10  diagnostic.o [12]
    .rodata               const       0x3'704c      0xc  diagnostic.o [12]
    .rodata               const       0x3'7058     0x10  diagnostic.o [12]
    .rodata               const       0x3'7068     0x10  diagnostic.o [12]
    .rodata               const       0x3'7078     0x10  diagnostic.o [12]
    .rodata               const       0x3'7088      0xc  diagnostic.o [12]
    .rodata               const       0x3'7094      0xc  diagnostic.o [12]
    .rodata               const       0x3'70a0      0xc  diagnostic.o [12]
    .rodata               const       0x3'70ac     0x10  diagnostic.o [12]
    .rodata               const       0x3'70bc     0x10  diagnostic.o [12]
    .rodata               const       0x3'70cc      0xc  diagnostic.o [12]
    .rodata               const       0x3'70d8     0x10  diagnostic.o [12]
    .rodata               const       0x3'70e8      0xc  diagnostic.o [12]
    .rodata               const       0x3'70f4      0xc  diagnostic.o [12]
    .rodata               const       0x3'7100      0xc  diagnostic.o [12]
    .rodata               const       0x3'710c     0x10  diagnostic.o [12]
    .rodata               const       0x3'711c     0x10  diagnostic.o [12]
    .rodata               const       0x3'712c      0xc  diagnostic.o [12]
    .rodata               const       0x3'7138      0xc  diagnostic.o [12]
    .rodata               const       0x3'7144     0x10  diagnostic.o [12]
    .rodata               const       0x3'7154      0xc  diagnostic.o [12]
    .rodata               const       0x3'7160     0x10  diagnostic.o [12]
    .rodata               const       0x3'7170     0x18  diagnostic.o [12]
    .rodata               const       0x3'7188      0x8  diagnostic.o [12]
    .rodata               const       0x3'7190      0x8  diagnostic.o [12]
    .rodata               const       0x3'7198      0x8  diagnostic.o [12]
    .rodata               const       0x3'71a0      0x8  diagnostic.o [12]
    .rodata               const       0x3'71a8     0x30  diagnostic.o [12]
    .rodata               const       0x3'71d8     0x3c  diagnostic.o [12]
    .rodata               const       0x3'7214     0x2c  diagnostic.o [12]
    .rodata               const       0x3'7240     0x20  diagnostic.o [12]
    .rodata               const       0x3'7260     0x30  diagnostic.o [12]
    .rodata               const       0x3'7290      0x4  diagnostic.o [12]
    .rodata               const       0x3'7294     0x18  diagnostic.o [12]
    .rodata               const       0x3'72ac     0x40  diagnostic.o [12]
    .rodata               const       0x3'72ec     0x30  diagnostic.o [12]
    .rodata               const       0x3'731c     0x1c  diagnostic.o [12]
    .rodata               const       0x3'7338     0x1c  diagnostic.o [12]
    .rodata               const       0x3'7354     0x18  diagnostic.o [12]
    .rodata               const       0x3'736c     0x3c  diagnostic.o [12]
    .rodata               const       0x3'73a8     0x34  diagnostic.o [12]
    .rodata               const       0x3'73dc     0x3c  diagnostic.o [12]
    .rodata               const       0x3'7418     0x28  diagnostic.o [12]
    .rodata               const       0x3'7440     0x1c  diagnostic.o [12]
    .rodata               const       0x3'745c      0x8  diagnostic.o [12]
    .rodata               const       0x3'7464     0x18  diagnostic.o [12]
    .rodata               const       0x3'747c     0x48  diagnostic.o [12]
    .rodata               const       0x3'74c4     0x30  diagnostic.o [12]
    .rodata               const       0x3'74f4     0x1c  diagnostic.o [12]
    .rodata               const       0x3'7510     0x24  diagnostic.o [12]
    .rodata               const       0x3'7534      0xc  diagnostic.o [12]
    .rodata               const       0x3'7540     0x68  diagnostic.o [12]
    .rodata               const       0x3'75a8     0xa4  diagnostic.o [12]
    .rodata               const       0x3'764c     0xcc  diagnostic.o [12]
    .rodata               const       0x3'7718     0x10  led.o [12]
    .rodata               const       0x3'7728      0xc  mfg-token.o [12]
    .rodata               const       0x3'7734      0x8  mfg-token.o [12]
    .rodata               const       0x3'773c      0xc  micro-common.o [12]
    .rodata               const       0x3'7748      0x8  micro.o [12]
    .rodata               const       0x3'7750      0x8  micro.o [12]
    .rodata               const       0x3'7758     0x30  micro.o [12]
    .rodata               const       0x3'7788      0x4  micro.o [12]
    .rodata               const       0x3'778c     0x58  micro.o [12]
    .rodata               const       0x3'77e4     0x20  micro.o [12]
    .rodata               const       0x3'7804      0xc  micro.o [12]
    .rodata               const       0x3'7810      0x8  micro.o [12]
    .rodata               const       0x3'7818      0xc  micro.o [12]
    .rodata               const       0x3'7824     0x10  micro.o [12]
    .rodata               const       0x3'7834      0x8  micro.o [12]
    .rodata               const       0x3'783c      0xc  micro.o [12]
    .rodata               const       0x3'7848     0x10  micro.o [12]
    .rodata               const       0x3'7858     0x20  micro.o [12]
    .rodata               const       0x3'7878     0x20  micro.o [12]
    .rodata               const       0x3'7898     0x30  micro.o [12]
    .rodata               const       0x3'78c8     0x10  sleep-efm32.o [12]
    .rodata               const       0x3'78d8     0x10  counters-cli.o [9]
    .rodata               const       0x3'78e8     0x10  counters-cli.o [9]
    .rodata               const       0x3'78f8     0x10  counters-cli.o [9]
    .rodata               const       0x3'7908     0x10  counters-cli.o [9]
    .rodata               const       0x3'7918     0x14  counters-cli.o [9]
    .rodata               const       0x3'792c     0x14  counters-cli.o [9]
    .rodata               const       0x3'7940     0x10  counters-cli.o [9]
    .rodata               const       0x3'7950     0x10  counters-cli.o [9]
    .rodata               const       0x3'7960     0x10  counters-cli.o [9]
    .rodata               const       0x3'7970     0x18  counters-cli.o [9]
    .rodata               const       0x3'7988     0x14  counters-cli.o [9]
    .rodata               const       0x3'799c     0x14  counters-cli.o [9]
    .rodata               const       0x3'79b0     0x18  counters-cli.o [9]
    .rodata               const       0x3'79c8     0x10  counters-cli.o [9]
    .rodata               const       0x3'79d8     0x14  counters-cli.o [9]
    .rodata               const       0x3'79ec     0x10  counters-cli.o [9]
    .rodata               const       0x3'79fc     0x10  counters-cli.o [9]
    .rodata               const       0x3'7a0c      0xc  counters-cli.o [9]
    .rodata               const       0x3'7a18     0x10  counters-cli.o [9]
    .rodata               const       0x3'7a28     0x10  counters-cli.o [9]
    .rodata               const       0x3'7a38     0x14  counters-cli.o [9]
    .rodata               const       0x3'7a4c     0x10  counters-cli.o [9]
    .rodata               const       0x3'7a5c     0x10  counters-cli.o [9]
    .rodata               const       0x3'7a6c      0xc  counters-cli.o [9]
    .rodata               const       0x3'7a78     0x18  counters-cli.o [9]
    .rodata               const       0x3'7a90     0x18  counters-cli.o [9]
    .rodata               const       0x3'7aa8     0x18  counters-cli.o [9]
    .rodata               const       0x3'7ac0     0x20  counters-cli.o [9]
    .rodata               const       0x3'7ae0     0x10  counters-cli.o [9]
    .rodata               const       0x3'7af0     0x20  counters-cli.o [9]
    .rodata               const       0x3'7b10     0x1c  counters-cli.o [9]
    .rodata               const       0x3'7b2c     0x14  counters-cli.o [9]
    .rodata               const       0x3'7b40     0x10  counters-cli.o [9]
    .rodata               const       0x3'7b50     0x18  counters-cli.o [9]
    .rodata               const       0x3'7b68     0x10  counters-cli.o [9]
    .rodata               const       0x3'7b78     0x10  counters-cli.o [9]
    .rodata               const       0x3'7b88     0x14  counters-cli.o [9]
    .rodata               const       0x3'7b9c     0x14  counters-cli.o [9]
    .rodata               const       0x3'7bb0     0x14  counters-cli.o [9]
    .rodata               const       0x3'7bc4     0x14  counters-cli.o [9]
    .rodata               const       0x3'7bd8     0x18  counters-cli.o [9]
    .rodata               const       0x3'7bf0      0x4  counters-cli.o [9]
    .rodata               const       0x3'7bf4      0xc  counters-cli.o [9]
    .rodata               const       0x3'7c00     0x1c  counters-cli.o [9]
    .rodata               const       0x3'7c1c     0x10  counters-soc.o [9]
    .rodata               const       0x3'7c2c     0x14  counters-soc.o [9]
    .rodata               const       0x3'7c40     0x18  color-control-server.o [8]
    .rodata               const       0x3'7c58      0x8  battery-monitor-efr32.o [6]
    .rodata               const       0x3'7c60     0x20  af-event.o [1]
    .rodata               const       0x3'7c80     0x20  af-event.o [1]
    .rodata               const       0x3'7ca0     0x20  af-event.o [1]
    .rodata               const       0x3'7cc0     0x20  af-event.o [1]
    .rodata               const       0x3'7ce0     0x20  af-event.o [1]
    .rodata               const       0x3'7d00     0x1c  af-event.o [1]
    .rodata               const       0x3'7d1c     0x24  af-event.o [1]
    .rodata               const       0x3'7d40     0x20  af-event.o [1]
    .rodata               const       0x3'7d60     0x1c  af-event.o [1]
    .rodata               const       0x3'7d7c     0x24  af-event.o [1]
    .rodata               const       0x3'7da0     0x20  af-event.o [1]
    .rodata               const       0x3'7dc0     0x38  af-event.o [1]
    .rodata               const       0x3'7df8     0x34  af-event.o [1]
    .rodata               const       0x3'7e2c     0x34  af-event.o [1]
    .rodata               const       0x3'7e60     0x28  af-event.o [1]
    .rodata               const       0x3'7e88     0x24  af-event.o [1]
    .rodata               const       0x3'7eac     0x2c  af-event.o [1]
    .rodata               const       0x3'7ed8     0x20  af-event.o [1]
    .rodata               const       0x3'7ef8     0x24  af-event.o [1]
    .rodata               const       0x3'7f1c     0x2c  af-event.o [1]
    .rodata               const       0x3'7f48     0x28  af-event.o [1]
    .rodata               const       0x3'7f70     0x18  af-event.o [1]
    .rodata               const       0x3'7f88     0x1c  af-event.o [1]
    .rodata               const       0x3'7fa4     0x30  af-event.o [1]
    .rodata               const       0x3'7fd4     0x30  af-event.o [1]
    .rodata               const       0x3'8004     0x30  af-event.o [1]
    .rodata               const       0x3'8034     0x30  af-event.o [1]
    .rodata               const       0x3'8064     0x18  af-event.o [1]
    .rodata               const       0x3'807c     0x1c  af-event.o [1]
    .rodata               const       0x3'8098     0xf0  af-event.o [1]
    .rodata               const       0x3'8188      0xc  af-main-common.o [1]
    .rodata               const       0x3'8194      0x8  af-main-common.o [1]
    .rodata               const       0x3'819c      0x8  af-main-common.o [1]
    .rodata               const       0x3'81a4      0x8  af-main-common.o [1]
    .rodata               const       0x3'81ac      0x8  af-main-common.o [1]
    .rodata               const       0x3'81b4      0x8  af-main-common.o [1]
    .rodata               const       0x3'81bc      0x8  af-main-common.o [1]
    .rodata               const       0x3'81c4      0x4  af-main-common.o [1]
    .rodata               const       0x3'81c8      0x8  af-main-common.o [1]
    .rodata               const       0x3'81d0      0x8  af-main-common.o [1]
    .rodata               const       0x3'81d8     0x10  af-main-common.o [1]
    .rodata               const       0x3'81e8      0x8  af-main-common.o [1]
    .rodata               const       0x3'81f0      0x4  af-main-common.o [1]
    .rodata               const       0x3'81f4     0x3c  af-main-common.o [1]
    .rodata               const       0x3'8230     0x18  af-main-common.o [1]
    .rodata               const       0x3'8248     0x28  af-main-common.o [1]
    .rodata               const       0x3'8270     0x14  af-main-common.o [1]
    .rodata               const       0x3'8284      0x8  af-main-common.o [1]
    .rodata               const       0x3'828c      0x8  af-main-common.o [1]
    .rodata               const       0x3'8294     0x10  af-main-common.o [1]
    .rodata               const       0x3'82a4     0x28  af-main-common.o [1]
    .rodata               const       0x3'82cc     0x18  af-main-common.o [1]
    .rodata               const       0x3'82e4     0x1c  af-main-common.o [1]
    .rodata               const       0x3'8300     0x24  af-main-common.o [1]
    .rodata               const       0x3'8324      0x8  af-main-common.o [1]
    .rodata               const       0x3'832c     0x14  af-main-common.o [1]
    .rodata               const       0x3'8340     0x30  af-main-common.o [1]
    .rodata               const       0x3'8370     0x14  af-main-common.o [1]
    .rodata               const       0x3'8384      0x8  af-main-common.o [1]
    .rodata               const       0x3'838c      0x8  af-main-common.o [1]
    .rodata               const       0x3'8394      0xc  af-main-common.o [1]
    .rodata               const       0x3'83a0      0x8  af-main-common.o [1]
    .rodata               const       0x3'83a8     0x10  af-main-common.o [1]
    .rodata               const       0x3'83b8      0x8  af-main-common.o [1]
    .rodata               const       0x3'83c0      0xc  af-main-common.o [1]
    .rodata               const       0x3'83cc     0x20  af-main-common.o [1]
    .rodata               const       0x3'83ec      0xc  af-main-common.o [1]
    .rodata               const       0x3'83f8      0xc  af-main-common.o [1]
    .rodata               const       0x3'8404      0x8  af-main-common.o [1]
    .rodata               const       0x3'840c     0x30  af-main-common.o [1]
    .rodata               const       0x3'843c     0x1c  af-main-common.o [1]
    .rodata               const       0x3'8458      0x8  af-main-common.o [1]
    .rodata               const       0x3'8460     0x18  af-main-common.o [1]
    .rodata               const       0x3'8478      0x4  af-main-common.o [1]
    .rodata               const       0x3'847c     0x10  af-main-common.o [1]
    .rodata               const       0x3'848c     0x48  af-main-common.o [1]
    .rodata               const       0x3'84d4     0x18  af-main-soc.o [1]
    .rodata               const       0x3'84ec     0x20  af-main-soc.o [1]
    .rodata               const       0x3'850c     0x14  af-main-soc.o [1]
    .rodata               const       0x3'8520      0x8  af-main-soc.o [1]
    .rodata               const       0x3'8528     0x10  af-main-soc.o [1]
    .rodata               const       0x3'8538      0x4  af-main-soc.o [1]
    .rodata               const       0x3'853c     0x24  af-main-soc.o [1]
    .rodata               const       0x3'8560      0xc  af-main-soc.o [1]
    .rodata               const       0x3'856c      0xc  af-main-soc.o [1]
    .rodata               const       0x3'8578     0x18  af-main-soc.o [1]
    .rodata               const       0x3'8590     0x18  af-main-soc.o [1]
    .rodata               const       0x3'85a8      0x4  af-trust-center.o [1]
    .rodata               const       0x3'85ac     0x30  attribute-size.o [1]
    .rodata               const       0x3'85dc      0x4  attribute-storage.o [1]
    .rodata               const       0x3'85e0      0x8  attribute-storage.o [1]
    .rodata               const       0x3'85e8      0x8  attribute-storage.o [1]
    .rodata               const       0x3'85f0      0x4  attribute-storage.o [1]
    .rodata               const       0x3'85f4     0x18  attribute-storage.o [1]
    .rodata               const       0x3'860c      0x8  attribute-storage.o [1]
    .rodata               const       0x3'8614      0x4  attribute-storage.o [1]
    .rodata               const       0x3'8618      0x4  attribute-storage.o [1]
    .rodata               const       0x3'861c      0x8  attribute-storage.o [1]
    .rodata               const       0x3'8624      0x4  attribute-storage.o [1]
    .rodata               const       0x3'8628      0x4  attribute-storage.o [1]
    .rodata               const       0x3'862c    0x12c  attribute-storage.o [1]
    .rodata               const       0x3'8758      0x4  attribute-storage.o [1]
    .rodata               const       0x3'875c    0x3d8  attribute-storage.o [1]
    .rodata               const       0x3'8b34    0x12c  attribute-storage.o [1]
    .rodata               const       0x3'8c60     0x18  attribute-storage.o [1]
    .rodata               const       0x3'8c78      0x4  attribute-storage.o [1]
    .rodata               const       0x3'8c7c      0x4  attribute-storage.o [1]
    .rodata               const       0x3'8c80      0x8  cli.o [1]
    .rodata               const       0x3'8c88      0x8  cli.o [1]
    .rodata               const       0x3'8c90      0x8  cli.o [1]
    .rodata               const       0x3'8c98      0x8  cli.o [1]
    .rodata               const       0x3'8ca0      0x4  cli.o [1]
    .rodata               const       0x3'8ca4      0x8  cli.o [1]
    .rodata               const       0x3'8cac      0x8  cli.o [1]
    .rodata               const       0x3'8cb4      0x8  cli.o [1]
    .rodata               const       0x3'8cbc      0x4  cli.o [1]
    .rodata               const       0x3'8cc0      0x8  cli.o [1]
    .rodata               const       0x3'8cc8      0x4  cli.o [1]
    .rodata               const       0x3'8ccc     0x10  cli.o [1]
    .rodata               const       0x3'8cdc      0x8  cli.o [1]
    .rodata               const       0x3'8ce4      0x4  cli.o [1]
    .rodata               const       0x3'8ce8      0x4  cli.o [1]
    .rodata               const       0x3'8cec      0x8  cli.o [1]
    .rodata               const       0x3'8cf4      0x8  cli.o [1]
    .rodata               const       0x3'8cfc      0x8  cli.o [1]
    .rodata               const       0x3'8d04      0x8  cli.o [1]
    .rodata               const       0x3'8d0c      0xc  cli.o [1]
    .rodata               const       0x3'8d18      0x8  cli.o [1]
    .rodata               const       0x3'8d20      0x4  cli.o [1]
    .rodata               const       0x3'8d24      0x8  cli.o [1]
    .rodata               const       0x3'8d2c      0x4  cli.o [1]
    .rodata               const       0x3'8d30      0xc  cli.o [1]
    .rodata               const       0x3'8d3c      0x4  cli.o [1]
    .rodata               const       0x3'8d40      0xc  cli.o [1]
    .rodata               const       0x3'8d4c      0x8  cli.o [1]
    .rodata               const       0x3'8d54      0x4  cli.o [1]
    .rodata               const       0x3'8d58      0x8  cli.o [1]
    .rodata               const       0x3'8d60      0xc  cli.o [1]
[...]
symbolDelayCallbacks    0x2001'7edc      0x8  Data  Lc  symbol-timer.o [71]
systemTimerId           0x2001'789c      0x4  Data  Lc  system-timer.o [60]
tail                    0x2001'7f97      0x1  Data  Lc  scan-dispatch.o [35]
targetEui64             0x2001'7b78      0x8  Data  Lc  zll-interpan.o [73]
tempdrvHighCallbacks    0x2001'7144     0x28  Data  Lc  tempdrv.o [14]
tempdrvLowCallbacks     0x2001'716c     0x28  Data  Lc  tempdrv.o [14]
terminateScanRequest       0x1'b22f     0x28  Code  Lc  zdo-channel.o [71]
testMessage             0x2001'67a0    0x5dc  Data  Gb  interpan-cli.o [26]
theirLastTransactionId  0x2001'7b6c      0x4  Data  Lc  zll-interpan.o [73]
thrHard                    0x2'1637     0x20  Code  Lc  nvm3.o [62]
thrSize                    0x2'1685      0xa  Code  Lc  nvm3.o [62]
thrSoftMinimum             0x2'1657     0x20  Code  Lc  nvm3.o [62]
thrSoftUser                0x2'1677      0xe  Code  Lc  nvm3.o [62]
timeElapsed             0x2001'7faf      0x1  Data  Lc  ustimer.o [14]
timeoutPools               0x1'86b5     0xd8  Code  Lc  mac-indirect.o [71]
timer                   0x2001'5c28     0xa0  Data  Lc  rtcdriver.o [14]
timerPrsConfig             0x2'e77d     0x34  Code  Lc  em_timer.o [15]
titleStrings            0x2001'5558     0xa8  Data  Gb  counters-cli.o [9]
tokenArraySize             0x3'b0ec     0x30  Data  Gb  token-def.o [1]
tokenDefaults              0x3'b398     0xb8  Data  Gb  token-def.o [1]
tokenFlagsToSizeArray      0x2'8a48      0x4  Data  Lc  install-code-tokens.o [61]
tokenIsCnt                 0x3'b05c     0x30  Data  Gb  token-def.o [1]
tokenIsIdx                 0x3'b08c     0x30  Data  Gb  token-def.o [1]
tokenLength                0x1'f559      0xe  Code  Lc  command-interpreter2.o [1]
tokenNvm3Keys              0x3'afa4     0xb8  Data  Gb  token-def.o [1]
tokenPointer               0x1'f56d     0x10  Code  Lc  command-interpreter2.o [1]
tokenSize                  0x3'b0bc     0x30  Data  Gb  token-def.o [1]
tokensActive            0x2001'7fb0      0x1  Data  Lc  token.o [12]
totalInitialChildren    0x2001'7b3f      0x1  Data  Gb  zigbee-device-util.o [71]
traceClkGet                0x2'13e1     0x48  Code  Lc  em_cmu.o [15]
transactionExpirationTimeMS
                        0x2001'7b74      0x4  Data  Lc  zll-interpan.o [73]
transientKeyFinish         0x2'8cdf     0x38  Code  Lc  aps-keys-transient.o [68]
tryNextMethod              0x1'df17     0x2c  Code  Lc  network-steering.o [30]
tryToFormNetwork           0x2'b5f9     0xce  Code  Lc  network-creator.o [28]
tryToJoinNetwork           0x1'dcd5     0x90  Code  Gb  network-steering.o [30]
txBuffer                   0x2'7923     0x42  Code  Lc  com.o [37]
txCallback                 0x2'7af1     0x3c  Code  Lc  com.o [37]
txCatchUp                  0x2'7a8b     0x66  Code  Lc  com.o [37]
txCcaTries              0x2001'5ce0      0x1  Data  Lc  phy.o [71]
txCompleted                0x2'4717     0x26  Code  Lc  lower-mac-efr32.o [71]
txCsmaTries                0x1'a1c5     0xe6  Code  Lc  phy.o [71]
txOptions               0x2001'5d18      0x4  Data  Lc  phy.o [71]
txParams                0x2001'5cc8      0xc  Data  Lc  phy.o [71]
txSchedulerInfo         0x2001'5818      0xc  Data  Lc  phy.o [71]
txState                 0x2001'5cde      0x1  Data  Lc  phy.o [71]
typeSensitiveMemCopy         0x5643     0x56  Code  Lc  attribute-storage.o [1]
uartdrvHandle           0x2001'71a4     0x10  Data  Lc  uartdrv.o [14]
uartdrvHandleIsInitialized
                        0x2001'7fae      0x1  Data  Lc  uartdrv.o [14]
uarthandledata          0x2001'5f40     0x34  Data  Lc  com.o [37]
unbindRequest              0x3'5459     0x82  Code  Lc  zdo-cli.o [1]
unicastHead             0x2001'7ccc      0x1  Data  Lc  unicast-table.o [71]
uninitializedIsr           0x3'3bf9           Code  Gb  faults-v7m.o [12]
unknownCounter          0x2001'5600      0x4  Data  Gb  counters-cli.o [9]
unsolicitedChannelReport
                        0x2001'7c62      0x1  Data  Lc  zdo-channel.o [71]
unused                     0x3'3495      0x2  Code  Gb  zll-commissioning-cli.o [41]
unusedOriginalChannelMaskCache
                        0x2001'78f4      0x4  Data  Lc  scan.o [71]
unusedPanIdCache        0x2001'78ca      0x2  Data  Lc  scan.o [71]
updateBuffer               0x2'78ef     0x2c  Code  Lc  com.o [37]
updateChannelComposites
                           0x2'b76d     0xb8  Code  Lc  network-creator.o [28]
updateEvents               0x1'a6a3     0x4c  Code  Lc  phy.o [71]
updateInterrupts           0x2'bb7f     0x94  Code  Lc  tempdrv.o [14]
updateTcLinkKeyState    0x2001'7fd5      0x1  Data  Lc  aps-keys.o [68]
upperMacState           0x2001'7950     0x38  Data  Gb  upper-mac.o [71]
useLegacyTimeoutMethod  0x2001'7feb      0x1  Data  Gb  child-handling.o [71]
useMulticastBinding     0x2001'7fce      0x1  Data  Lc  zcl-cli.o [1]
useNextSequence         0x2001'7fcc      0x1  Data  Lc  zcl-cli.o [1]
vFillBuffer                  0x5131    0x13e  Code  Lc  client-api.o [1]
validateObj                0x2'1f8f     0x26  Code  Lc  nvm3.o [62]
validateObjFragments       0x2'1d63    0x226  Code  Lc  nvm3.o [62]
waitStateMax               0x2'1435      0xa  Code  Lc  em_cmu.o [15]
waitStateSet               0x2'143f     0x40  Code  Lc  em_cmu.o [15]
wakeInfo                0x2001'71c8      0x4  Data  Lc  sleep-efm32.o [12]
walkDelayQueue             0x1'b411     0xde  Code  Lc  retry.o [71]
walkStoreAndForwardQueue
                           0x2'5725    0x108  Code  Lc  store-forward.o [71]
wallClockOverflowCnt    0x2001'713c      0x4  Data  Lc  rtcdriver.o [14]
wallClockTimeBase       0x2001'7140      0x4  Data  Lc  rtcdriver.o [14]
wdog0ClkGet                0x2'1481     0x3a  Code  Lc  em_cmu.o [15]
wdog1ClkGet                0x2'14cd     0x3a  Code  Lc  em_cmu.o [15]
workBegin                  0x2'2b6f     0x16  Code  Lc  nvm3.o [62]
workEnd                    0x2'2b85     0x14  Code  Lc  nvm3.o [62]
writeBoolean               0x2'9bd9      0x8  Code  Lc  zll-on-off-server.o [45]
writeBurst              0x2001'52b5     0x54  Code  Gb  em_msc.o [15]
writeFullAllowed           0x2'168f     0x18  Code  Lc  nvm3.o [62]
writeIdentifyTime          0x2'983f     0x18  Code  Lc  identify.o [25]
writeInt16u                0x2'9bf1      0x6  Code  Lc  zll-on-off-server.o [45]
writeMessage               0x1'3611     0xaa  Code  Lc  packet-buffer.o [71]
writeObj                   0x2'182f    0x2b4  Code  Lc  nvm3.o [62]
writeRemainingTime         0x2'a153     0x1e  Code  Lc  level-control.o [27]
writeRemainingTime         0x2'a739     0x1a  Code  Lc  color-control-server.o [8]
writeServerAttribute         0xd4e5      0xe  Code  Lc  scenes.o [36]
writeZllTokens               0xf067      0xc  Code  Lc  zll-tokens.o [73]
zaTrustCenterSetJoinPolicy
                           0x2'3d85      0x8  Code  Gb  af-trust-center.o [1]
zclBasicGlsrCommand        0x3'5753      0xa  Code  Lc  cli.o [1]
zclBufferAddByte           0x3'481b     0x12  Code  Gb  zcl-cli.o [1]
zclBufferAddByteFromArgument
                           0x3'4853      0x8  Code  Gb  zcl-cli.o [1]
zclBufferAddInt32          0x3'483f     0x14  Code  Gb  zcl-cli.o [1]
zclBufferAddLengthAndStringFromArgument
                           0x3'4871     0x34  Code  Gb  zcl-cli.o [1]
zclBufferAddWord           0x3'482d     0x12  Code  Gb  zcl-cli.o [1]
zclBufferAddWordFromArgument
                           0x3'4863      0x6  Code  Gb  zcl-cli.o [1]
zclBufferSetup             0x3'47c9     0x52  Code  Gb  zcl-cli.o [1]
zclClusterNames            0x3'b554     0x50  Data  Gb  util.o [1]
zclCmdIsBuilt           0x2001'7fca      0x1  Data  Gb  zcl-cli.o [1]
zclGlobalCommandDiscoveryCommand
                           0x3'4b37     0x2e  Code  Gb  zcl-cli.o [1]
zclGlobalDirection      0x2001'7fcd      0x1  Data  Lc  zcl-cli.o [1]
zclGlobalDirectionCommand
                           0x3'4971     0x14  Code  Gb  zcl-cli.o [1]
zclGlobalDiscoverCommand
                           0x3'49db      0x4  Code  Gb  zcl-cli.o [1]
zclGlobalExpectReportFromMeCommand
                           0x3'4b0f     0x1c  Code  Gb  zcl-cli.o [1]
zclGlobalReadCommand       0x3'4985      0x6  Code  Gb  zcl-cli.o [1]
zclGlobalReportCommand     0x3'49e9     0x94  Code  Gb  zcl-cli.o [1]
zclGlobalReportReadCommand
                           0x3'4a85     0x20  Code  Gb  zcl-cli.o [1]
zclGlobalSendMeAReportCommand
                           0x3'4aa5     0x4a  Code  Gb  zcl-cli.o [1]
zclGlobalSetup             0x3'4957     0x1a  Code  Gb  zcl-cli.o [1]
zclGlobalWriteCommand      0x3'498b     0x50  Code  Gb  zcl-cli.o [1]
zclIdentifyOnOffCommand
                           0x3'4bf5     0x40  Code  Gb  zcl-cli.o [1]
zclMfgCodeCommand          0x3'4b7d     0x2a  Code  Gb  zcl-cli.o [1]
zclSimpleCommand           0x3'48a5     0xb2  Code  Gb  zcl-cli.o [1]
zclTestResponseOffCommand
                           0x3'4b77      0x6  Code  Gb  zcl-cli.o [1]
zclTestResponseOnCommand
                           0x3'4b71      0x6  Code  Gb  zcl-cli.o [1]
zclTimeCommand             0x3'4be7      0xe  Code  Gb  zcl-cli.o [1]
zclUseNextSequenceCommand
                           0x3'4bc5     0x22  Code  Gb  zcl-cli.o [1]
zclXDefaultRespCommand     0x3'4ba7     0x14  Code  Gb  zcl-cli.o [1]
zdoActiveEpCommand         0x3'53a1     0x1e  Code  Gb  zdo-cli.o [1]
zdoAddClusterCommand       0x3'5243     0x38  Code  Gb  zdo-cli.o [1]
zdoBindCommand             0x3'51c9     0x72  Code  Gb  zdo-cli.o [1]
zdoClearClusterCommand     0x3'527b     0x1c  Code  Gb  zdo-cli.o [1]
zdoConfigurationModeEnabled
                        0x2001'5a5d      0x1  Data  Gb  zigbee-device-util.o [71]
zdoIeeeAddressRequestCommand
                           0x3'50ff     0x14  Code  Gb  zdo-cli.o [1]
zdoLeaveRequestCommand     0x3'53ff     0x32  Code  Gb  zdo-cli.o [1]
zdoMatchCommand            0x3'515b     0x44  Code  Gb  zdo-cli.o [1]
zdoMgmtBindCommand         0x3'53e3     0x1c  Code  Gb  zdo-cli.o [1]
zdoMgmtLqiCommand          0x3'53bf     0x1a  Code  Gb  zdo-cli.o [1]
zdoNetworkUpdateChannelCommand
                           0x3'52a1     0x72  Code  Gb  zdo-cli.o [1]
zdoNetworkUpdateScanCommand
                           0x3'5313     0x5c  Code  Gb  zdo-cli.o [1]
zdoNetworkUpdateSetCommand
                           0x3'5375     0x1e  Code  Gb  zdo-cli.o [1]
zdoNodeCommand             0x3'5139     0x22  Code  Gb  zdo-cli.o [1]
zdoNwkAddressRequestCommand
                           0x3'50e9     0x16  Code  Gb  zdo-cli.o [1]
zdoPowerDescriptorRequestCommand
                           0x3'5431     0x18  Code  Gb  zdo-cli.o [1]
zdoRouteRequestCommand     0x3'551f     0x26  Code  Gb  zdo-cli.o [1]
zdoSimpleCommand           0x3'5113     0x26  Code  Gb  zdo-cli.o [1]
zdoUnbindGroupCommand      0x3'54db     0x18  Code  Gb  zdo-cli.o [1]
zdoUnbindUnicastCommand
                           0x3'54f3     0x2c  Code  Gb  zdo-cli.o [1]
zeroLenByte             0x2001'7f7e      0x2  Data  Lc  message.o [1]
zigDevApsStruct         0x2001'7b4c      0x4  Data  Lc  zigbee-device-util.o [71]
zigDevRequestRadius     0x2001'5a4a      0x1  Data  Gb  zigbee-device-common.o [1]
zigDevRequestSequence   0x2001'7fd1      0x1  Data  Lc  zigbee-device-common.o [1]
zigDevRequestSequence   0x2001'7b3c      0x1  Data  Lc  zigbee-device-util.o [71]
zllNodeType             0x2001'7819      0x1  Data  Lc  zll-api.o [73]
zllPrimaryChannelMask   0x2001'782c      0x4  Data  Lc  zll-api.o [73]
zllSecondaryChannelMask
                        0x2001'7854      0x4  Data  Lc  zll-api.o [73]
zllSequenceNum          0x2001'7fe4      0x1  Data  Lc  zll-interpan.o [73]


[1] = C:\SiliconLabs\SimplicityStudio\v4\developer\sdks\gecko_sdk_suite\v2.5\app\builder\light_external_lna_prs_mg21_v655\IAR ARM - Default
[2] = C:\SiliconLabs\SimplicityStudio\v4\developer\sdks\gecko_sdk_suite\v2.5\app\builder\light_external_lna_prs_mg21_v655\IAR ARM - Default\adc\EFR32
[3] = C:\SiliconLabs\SimplicityStudio\v4\developer\sdks\gecko_sdk_suite\v2.5\app\builder\light_external_lna_prs_mg21_v655\IAR ARM - Default\aes-cmac
[4] = C:\SiliconLabs\SimplicityStudio\v4\developer\sdks\gecko_sdk_suite\v2.5\app\builder\light_external_lna_prs_mg21_v655\IAR ARM - Default\antenna-stub
[5] = C:\SiliconLabs\SimplicityStudio\v4\developer\sdks\gecko_sdk_suite\v2.5\app\builder\light_external_lna_prs_mg21_v655\IAR ARM - Default\basic
[6] = C:\SiliconLabs\SimplicityStudio\v4\developer\sdks\gecko_sdk_suite\v2.5\app\builder\light_external_lna_prs_mg21_v655\IAR ARM - Default\battery-monitor\EFR32
[7] = C:\SiliconLabs\SimplicityStudio\v4\developer\sdks\gecko_sdk_suite\v2.5\app\builder\light_external_lna_prs_mg21_v655\IAR ARM - Default\coexistence\EFR32
[8] = C:\SiliconLabs\SimplicityStudio\v4\developer\sdks\gecko_sdk_suite\v2.5\app\builder\light_external_lna_prs_mg21_v655\IAR ARM - Default\color-control-server
[9] = C:\SiliconLabs\SimplicityStudio\v4\developer\sdks\gecko_sdk_suite\v2.5\app\builder\light_external_lna_prs_mg21_v655\IAR ARM - Default\counters
[10] = C:\SiliconLabs\SimplicityStudio\v4\developer\sdks\gecko_sdk_suite\v2.5\app\builder\light_external_lna_prs_mg21_v655\IAR ARM - Default\debug-basic-library\EFR32
[11] = C:\SiliconLabs\SimplicityStudio\v4\developer\sdks\gecko_sdk_suite\v2.5\app\builder\light_external_lna_prs_mg21_v655\IAR ARM - Default\debug-jtag-stub\EFR32
[12] = C:\SiliconLabs\SimplicityStudio\v4\developer\sdks\gecko_sdk_suite\v2.5\app\builder\light_external_lna_prs_mg21_v655\IAR ARM - Default\efr32
[13] = C:\SiliconLabs\SimplicityStudio\v4\developer\sdks\gecko_sdk_suite\v2.5\app\builder\light_external_lna_prs_mg21_v655\IAR ARM - Default\ember-minimal-printf
[14] = C:\SiliconLabs\SimplicityStudio\v4\developer\sdks\gecko_sdk_suite\v2.5\app\builder\light_external_lna_prs_mg21_v655\IAR ARM - Default\emdrv
[15] = C:\SiliconLabs\SimplicityStudio\v4\developer\sdks\gecko_sdk_suite\v2.5\app\builder\light_external_lna_prs_mg21_v655\IAR ARM - Default\emlib
[16] = C:\SiliconLabs\SimplicityStudio\v4\developer\sdks\gecko_sdk_suite\v2.5\app\builder\light_external_lna_prs_mg21_v655\IAR ARM - Default\external-generated-files
[17] = C:\SiliconLabs\SimplicityStudio\v4\developer\sdks\gecko_sdk_suite\v2.5\app\builder\light_external_lna_prs_mg21_v655\IAR ARM - Default\find-and-bind-target
[18] = C:\SiliconLabs\SimplicityStudio\v4\developer\sdks\gecko_sdk_suite\v2.5\app\builder\light_external_lna_prs_mg21_v655\IAR ARM - Default\form-and-join
[19] = C:\SiliconLabs\SimplicityStudio\v4\developer\sdks\gecko_sdk_suite\v2.5\app\builder\light_external_lna_prs_mg21_v655\IAR ARM - Default\generic-interrupt-control\EFR32
[20] = C:\SiliconLabs\SimplicityStudio\v4\developer\sdks\gecko_sdk_suite\v2.5\app\builder\light_external_lna_prs_mg21_v655\IAR ARM - Default\green-power-client
[21] = C:\SiliconLabs\SimplicityStudio\v4\developer\sdks\gecko_sdk_suite\v2.5\app\builder\light_external_lna_prs_mg21_v655\IAR ARM - Default\green-power-common
[22] = C:\SiliconLabs\SimplicityStudio\v4\developer\sdks\gecko_sdk_suite\v2.5\app\builder\light_external_lna_prs_mg21_v655\IAR ARM - Default\groups-server
[23] = C:\SiliconLabs\SimplicityStudio\v4\developer\sdks\gecko_sdk_suite\v2.5\app\builder\light_external_lna_prs_mg21_v655\IAR ARM - Default\hal-library\EFR32
[24] = C:\SiliconLabs\SimplicityStudio\v4\developer\sdks\gecko_sdk_suite\v2.5\app\builder\light_external_lna_prs_mg21_v655\IAR ARM - Default\heartbeat
[25] = C:\SiliconLabs\SimplicityStudio\v4\developer\sdks\gecko_sdk_suite\v2.5\app\builder\light_external_lna_prs_mg21_v655\IAR ARM - Default\identify
[26] = C:\SiliconLabs\SimplicityStudio\v4\developer\sdks\gecko_sdk_suite\v2.5\app\builder\light_external_lna_prs_mg21_v655\IAR ARM - Default\interpan
[27] = C:\SiliconLabs\SimplicityStudio\v4\developer\sdks\gecko_sdk_suite\v2.5\app\builder\light_external_lna_prs_mg21_v655\IAR ARM - Default\level-control
[28] = C:\SiliconLabs\SimplicityStudio\v4\developer\sdks\gecko_sdk_suite\v2.5\app\builder\light_external_lna_prs_mg21_v655\IAR ARM - Default\network-creator
[29] = C:\SiliconLabs\SimplicityStudio\v4\developer\sdks\gecko_sdk_suite\v2.5\app\builder\light_external_lna_prs_mg21_v655\IAR ARM - Default\network-creator-security
[30] = C:\SiliconLabs\SimplicityStudio\v4\developer\sdks\gecko_sdk_suite\v2.5\app\builder\light_external_lna_prs_mg21_v655\IAR ARM - Default\network-steering
[31] = C:\SiliconLabs\SimplicityStudio\v4\developer\sdks\gecko_sdk_suite\v2.5\app\builder\light_external_lna_prs_mg21_v655\IAR ARM - Default\nvm3
[32] = C:\SiliconLabs\SimplicityStudio\v4\developer\sdks\gecko_sdk_suite\v2.5\app\builder\light_external_lna_prs_mg21_v655\IAR ARM - Default\nvm3\EFR32
[33] = C:\SiliconLabs\SimplicityStudio\v4\developer\sdks\gecko_sdk_suite\v2.5\app\builder\light_external_lna_prs_mg21_v655\IAR ARM - Default\on-off
[34] = C:\SiliconLabs\SimplicityStudio\v4\developer\sdks\gecko_sdk_suite\v2.5\app\builder\light_external_lna_prs_mg21_v655\IAR ARM - Default\reporting
[35] = C:\SiliconLabs\SimplicityStudio\v4\developer\sdks\gecko_sdk_suite\v2.5\app\builder\light_external_lna_prs_mg21_v655\IAR ARM - Default\scan-dispatch
[36] = C:\SiliconLabs\SimplicityStudio\v4\developer\sdks\gecko_sdk_suite\v2.5\app\builder\light_external_lna_prs_mg21_v655\IAR ARM - Default\scenes
[37] = C:\SiliconLabs\SimplicityStudio\v4\developer\sdks\gecko_sdk_suite\v2.5\app\builder\light_external_lna_prs_mg21_v655\IAR ARM - Default\serial
[38] = C:\SiliconLabs\SimplicityStudio\v4\developer\sdks\gecko_sdk_suite\v2.5\app\builder\light_external_lna_prs_mg21_v655\IAR ARM - Default\serial\EFR32
[39] = C:\SiliconLabs\SimplicityStudio\v4\developer\sdks\gecko_sdk_suite\v2.5\app\builder\light_external_lna_prs_mg21_v655\IAR ARM - Default\simple-main
[40] = C:\SiliconLabs\SimplicityStudio\v4\developer\sdks\gecko_sdk_suite\v2.5\app\builder\light_external_lna_prs_mg21_v655\IAR ARM - Default\update-tc-link-key
[41] = C:\SiliconLabs\SimplicityStudio\v4\developer\sdks\gecko_sdk_suite\v2.5\app\builder\light_external_lna_prs_mg21_v655\IAR ARM - Default\zll-commissioning-common
[42] = C:\SiliconLabs\SimplicityStudio\v4\developer\sdks\gecko_sdk_suite\v2.5\app\builder\light_external_lna_prs_mg21_v655\IAR ARM - Default\zll-commissioning-server
[43] = C:\SiliconLabs\SimplicityStudio\v4\developer\sdks\gecko_sdk_suite\v2.5\app\builder\light_external_lna_prs_mg21_v655\IAR ARM - Default\zll-identify-server
[44] = C:\SiliconLabs\SimplicityStudio\v4\developer\sdks\gecko_sdk_suite\v2.5\app\builder\light_external_lna_prs_mg21_v655\IAR ARM - Default\zll-level-control-server
[45] = C:\SiliconLabs\SimplicityStudio\v4\developer\sdks\gecko_sdk_suite\v2.5\app\builder\light_external_lna_prs_mg21_v655\IAR ARM - Default\zll-on-off-server
[46] = C:\SiliconLabs\SimplicityStudio\v4\developer\sdks\gecko_sdk_suite\v2.5\app\builder\light_external_lna_prs_mg21_v655\IAR ARM - Default\zll-scenes-server
[47] = C:\SiliconLabs\SimplicityStudio\v4\developer\sdks\gecko_sdk_suite\v2.5\app\builder\light_external_lna_prs_mg21_v655\IAR ARM - Default\zll-utility-server
[48] = binding-table-library.a
[49] = cbke-163k1-stub-library.a
[50] = cbke-283k1-stub-library.a
[51] = cbke-library-dsa-sign-stub.a
[52] = cbke-library-dsa-verify-283k1-stub.a
[53] = cbke-library-dsa-verify-stub.a
[54] = cbke-stub-library.a
[55] = debug-basic-library.a
[56] = debug-extended-stub-library.a
[57] = dl7M_tln.a
[58] = end-device-bind-stub-library.a
[59] = gp-library.a
[60] = hal-library.a
[61] = install-code-library.a
[62] = libnvm3_CM33_iar.a
[63] = librail_efr32xg21_iar_release.a
[64] = m7M_tls.a
[65] = multi-network-stub-library.a
[66] = packet-validate-stub-library.a
[67] = rt7M_tl.a
[68] = security-library-core.a
[69] = security-library-link-keys-stub.a
[70] = sim-eeprom2-to-nvm3-upgrade-stub-library.a
[71] = zigbee-pro-stack.a
[72] = zigbee-r22-support-stub-library.a
[73] = zll-library.a

  201 486 bytes of readonly  code memory
      324 bytes of readwrite code memory
   33 831 bytes of readonly  data memory
  567 048 bytes of readwrite data memory

Errors: none
Warnings: none
